=== Test Results
TEST NAME                                                                                                OUTCOME      MESSAGE                                                                                                                                                                                                                                                                      RUNTIME (MS)
───────────────────────────────────────────────────────────────────────────────────────────────────────  ───────────  ───────────────────────────────────────────────────────────────────────────────────────────────────────────────────────────────────────────────────────────────────────────────────────────────────────────────────────────────────────────────────────────────────────────  ────────────
CommunitiesLandingControllerTest.testCommunitiesLandingController                                        Pass                                                                                                                                                                                                                                                                                      28          
CVMAKnowledgeControllerTest.<compile>                                                                    CompileFail  line 18, column 64: Previous load of class failed: CVMAKnowledgeControllerTest: line 18, column 64: Method does not exist or incorrect signature: void searchArticles(String, NULL, NULL) from the type CVMAKnowledgeController                                              0           
CVMAOfficerDashboardControllerTest.testCSVEscaping                                                       Fail         System.DmlException: Insert failed. First exception on row 0; first error: FIELD_INTEGRITY_EXCEPTION, only portal users can be associated to a contact: []                                                                                                                   
                                                                                                                      Class.CVMAOfficerDashboardControllerTest.setupTestData: line 108, column 1                                                                                                                                                                                                               
CVMAOfficerDashboardControllerTest.testEmailGeneration                                                   Fail         System.DmlException: Insert failed. First exception on row 0; first error: FIELD_INTEGRITY_EXCEPTION, only portal users can be associated to a contact: []                                                                                                                   
                                                                                                                      Class.CVMAOfficerDashboardControllerTest.setupTestData: line 108, column 1                                                                                                                                                                                                               
CVMAOfficerDashboardControllerTest.testEmptyMemberList                                                   Fail         System.DmlException: Insert failed. First exception on row 0; first error: FIELD_INTEGRITY_EXCEPTION, only portal users can be associated to a contact: []                                                                                                                   
                                                                                                                      Class.CVMAOfficerDashboardControllerTest.setupTestData: line 108, column 1                                                                                                                                                                                                               
CVMAOfficerDashboardControllerTest.testExportMemberData_NonOfficerAccess                                 Fail         System.DmlException: Insert failed. First exception on row 0; first error: FIELD_INTEGRITY_EXCEPTION, only portal users can be associated to a contact: []                                                                                                                   
                                                                                                                      Class.CVMAOfficerDashboardControllerTest.setupTestData: line 108, column 1                                                                                                                                                                                                               
CVMAOfficerDashboardControllerTest.testExportMemberData_Success                                          Fail         System.DmlException: Insert failed. First exception on row 0; first error: FIELD_INTEGRITY_EXCEPTION, only portal users can be associated to a contact: []                                                                                                                   
                                                                                                                      Class.CVMAOfficerDashboardControllerTest.setupTestData: line 108, column 1                                                                                                                                                                                                               
CVMAOfficerDashboardControllerTest.testGetMemberDashboardData_NonOfficerAccess                           Fail         System.DmlException: Insert failed. First exception on row 0; first error: FIELD_INTEGRITY_EXCEPTION, only portal users can be associated to a contact: []                                                                                                                   
                                                                                                                      Class.CVMAOfficerDashboardControllerTest.setupTestData: line 108, column 1                                                                                                                                                                                                               
CVMAOfficerDashboardControllerTest.testGetMemberDashboardData_OfficerSuccess                             Fail         System.DmlException: Insert failed. First exception on row 0; first error: FIELD_INTEGRITY_EXCEPTION, only portal users can be associated to a contact: []                                                                                                                   
                                                                                                                      Class.CVMAOfficerDashboardControllerTest.setupTestData: line 108, column 1                                                                                                                                                                                                               
CVMAOfficerDashboardControllerTest.testMemberStatusCalculation                                           Fail         System.DmlException: Insert failed. First exception on row 0; first error: FIELD_INTEGRITY_EXCEPTION, only portal users can be associated to a contact: []                                                                                                                   
                                                                                                                      Class.CVMAOfficerDashboardControllerTest.setupTestData: line 108, column 1                                                                                                                                                                                                               
CVMAOfficerDashboardControllerTest.testSendRenewalReminders_NonOfficerAccess                             Fail         System.DmlException: Insert failed. First exception on row 0; first error: FIELD_INTEGRITY_EXCEPTION, only portal users can be associated to a contact: []                                                                                                                   
                                                                                                                      Class.CVMAOfficerDashboardControllerTest.setupTestData: line 108, column 1                                                                                                                                                                                                               
CVMAOfficerDashboardControllerTest.testSendRenewalReminders_Success                                      Fail         System.DmlException: Insert failed. First exception on row 0; first error: FIELD_INTEGRITY_EXCEPTION, only portal users can be associated to a contact: []                                                                                                                   
                                                                                                                      Class.CVMAOfficerDashboardControllerTest.setupTestData: line 108, column 1                                                                                                                                                                                                               
CommunitiesLoginControllerTest.testCommunitiesLoginController                                            Pass                                                                                                                                                                                                                                                                                      33          
CVMAMemberProfileControllerTest.testGetMemberProfile_Success                                             Fail         System.AuraHandledException: Script-thrown exception                                                                                                                                                                                                                         
                                                                                                                      Class.CVMAMemberProfileController.getMemberProfile: line 78, column 1                                                                                                                                                                                                        
                                                                                                                      Class.CVMAMemberProfileControllerTest.testGetMemberProfile_Success: line 37, column 1                                                                                                                                                                                                    
CVMAMemberProfileControllerTest.testGetProfilePermissions                                                Pass                                                                                                                                                                                                                                                                                      60          
CVMAMemberProfileControllerTest.testInvalidJsonHandling                                                  Fail         System.AssertException: Assertion Failed: Exception should mention data format or error                                                                                                                                                                                      
                                                                                                                      Class.CVMAMemberProfileControllerTest.testInvalidJsonHandling: line 249, column 1                                                                                                                                                                                                        
CVMAMemberProfileControllerTest.testUpdateMemberProfile_SecurityError_WrongUser                          Fail         System.DmlException: Insert failed. First exception on row 0; first error: REQUIRED_FIELD_MISSING, Required fields are missing: [Membership_Id__c]: [Membership_Id__c]                                                                                                       
                                                                                                                      Class.CVMAMemberProfileControllerTest.testUpdateMemberProfile_SecurityError_WrongUser: line 179, column 1                                                                                                                                                                                
CVMAMemberProfileControllerTest.testUpdateMemberProfile_Success                                          Fail         System.AuraHandledException: Script-thrown exception                                                                                                                                                                                                                         
                                                                                                                      Class.CVMAMemberProfileController.updateMemberProfile: line 176, column 1                                                                                                                                                                                                    
                                                                                                                      Class.CVMAMemberProfileControllerTest.testUpdateMemberProfile_Success: line 90, column 1                                                                                                                                                                                                 
CVMAMemberProfileControllerTest.testUpdateMemberProfile_ValidationError_InvalidEmail                     Fail         System.AssertException: Assertion Failed: Exception should mention valid email                                                                                                                                                                                               
                                                                                                                      Class.CVMAMemberProfileControllerTest.testUpdateMemberProfile_ValidationError_InvalidEmail: line 162, column 1                                                                                                                                                                           
CVMAMemberProfileControllerTest.testUpdateMemberProfile_ValidationError_RequiredFields                   Fail         System.AssertException: Assertion Failed: Exception should mention required fields                                                                                                                                                                                           
                                                                                                                      Class.CVMAMemberProfileControllerTest.testUpdateMemberProfile_ValidationError_RequiredFields: line 135, column 1                                                                                                                                                                         
CVMAMemberProfileControllerTest.testUserWithoutContact                                                   Fail         System.AuraHandledException: Script-thrown exception                                                                                                                                                                                                                         
                                                                                                                      Class.CVMAMemberProfileController.getMemberProfile: line 78, column 1                                                                                                                                                                                                        
                                                                                                                      Class.CVMAMemberProfileControllerTest.testUserWithoutContact: line 276, column 1                                                                                                                                                                                                         
MyProfilePageControllerTest.testSave                                                                     Pass                                                                                                                                                                                                                                                                                      382         
ForgotPasswordControllerTest.testForgotPasswordController                                                Pass                                                                                                                                                                                                                                                                                      42          
CVMAGuestEventControllerTest.testDescriptionSanitization                                                 Pass                                                                                                                                                                                                                                                                                      213         
CVMAGuestEventControllerTest.testErrorHandling                                                           Fail         System.AssertException: Assertion Failed: Error should be logged to CVMA_Error_Log__c                                                                                                                                                                                        
                                                                                                                      Class.CVMAGuestEventControllerTest.testErrorHandling: line 555, column 1                                                                                                                                                                                                                 
CVMAGuestEventControllerTest.testGetGuestRequestStatus                                                   Fail         CVMAGuestEventController.GuestEventException: Unable to retrieve request status: Insufficient permissions: secure query included inaccessible field                                                                                                                          
                                                                                                                      Class.CVMAGuestEventController.getGuestRequestStatus: line 211, column 1                                                                                                                                                                                                     
                                                                                                                      Class.CVMAGuestEventControllerTest.testGetGuestRequestStatus: line 251, column 1                                                                                                                                                                                                         
CVMAGuestEventControllerTest.testGetPendingGuestRequestsAsOfficer                                        Fail         CVMAGuestEventController.GuestEventException: Unable to retrieve pending guest requests: Insufficient permissions to view guest requests                                                                                                                                     
                                                                                                                      Class.CVMAGuestEventController.getPendingGuestRequests: line 267, column 1                                                                                                                                                                                                   
                                                                                                                      Class.CVMAGuestEventControllerTest.testGetPendingGuestRequestsAsOfficer: line 275, column 1                                                                                                                                                                                              
CVMAGuestEventControllerTest.testGetPendingGuestRequestsNoPermissions                                    Pass                                                                                                                                                                                                                                                                                      836         
CVMAGuestEventControllerTest.testGetPublicEvents                                                         Pass                                                                                                                                                                                                                                                                                      51          
CVMAGuestEventControllerTest.testInputSanitization                                                       Fail         CVMAGuestEventController.GuestEventException: Unable to submit guest request: Insufficient permissions: Update access to field Event.                                                                                                                                        
                                                                                                                      Class.CVMAGuestEventController.submitGuestRequest: line 168, column 1                                                                                                                                                                                                        
                                                                                                                      Class.CVMAGuestEventControllerTest.testInputSanitization: line 515, column 1                                                                                                                                                                                                             
CVMAGuestEventControllerTest.testProcessGuestRequestAlreadyProcessed                                     Fail         CVMAGuestEventController.GuestEventException: Unable to process guest request: Insufficient permissions to process guest requests                                                                                                                                            
                                                                                                                      Class.CVMAGuestEventController.processGuestRequest: line 317, column 1                                                                                                                                                                                                       
                                                                                                                      Class.CVMAGuestEventControllerTest.testProcessGuestRequestAlreadyProcessed: line 398, column 1                                                                                                                                                                                           
CVMAGuestEventControllerTest.testProcessGuestRequestApproval                                             Fail         CVMAGuestEventController.GuestEventException: Unable to process guest request: Insufficient permissions to process guest requests                                                                                                                                            
                                                                                                                      Class.CVMAGuestEventController.processGuestRequest: line 317, column 1                                                                                                                                                                                                       
                                                                                                                      Class.CVMAGuestEventControllerTest.testProcessGuestRequestApproval: line 307, column 1                                                                                                                                                                                                   
CVMAGuestEventControllerTest.testProcessGuestRequestDenial                                               Fail         CVMAGuestEventController.GuestEventException: Unable to process guest request: Insufficient permissions to process guest requests                                                                                                                                            
                                                                                                                      Class.CVMAGuestEventController.processGuestRequest: line 317, column 1                                                                                                                                                                                                       
                                                                                                                      Class.CVMAGuestEventControllerTest.testProcessGuestRequestDenial: line 360, column 1                                                                                                                                                                                                     
CVMAGuestEventControllerTest.testProcessGuestRequestNoPermissions                                        Pass                                                                                                                                                                                                                                                                                      850         
CVMAGuestEventControllerTest.testPublicEventFiltering                                                    Pass                                                                                                                                                                                                                                                                                      244         
CVMAGuestEventControllerTest.testSubmitGuestRequestDuplicate                                             Pass                                                                                                                                                                                                                                                                                      132         
CVMAGuestEventControllerTest.testSubmitGuestRequestMissingFields                                         Pass                                                                                                                                                                                                                                                                                      144         
CVMAGuestEventControllerTest.testSubmitGuestRequestPrivateEvent                                          Pass                                                                                                                                                                                                                                                                                      105         
CVMAGuestEventControllerTest.testSubmitGuestRequestValid                                                 Fail         CVMAGuestEventController.GuestEventException: Unable to submit guest request: Insufficient permissions: Update access to field Event.                                                                                                                                        
                                                                                                                      Class.CVMAGuestEventController.submitGuestRequest: line 168, column 1                                                                                                                                                                                                        
                                                                                                                      Class.CVMAGuestEventControllerTest.testSubmitGuestRequestValid: line 121, column 1                                                                                                                                                                                                       
CVMAGuestUserSchedulerTest.testConstantsAndEdgeCases                                                     Pass                                                                                                                                                                                                                                                                                      592         
CVMAGuestUserSchedulerTest.testGuestUserPermissionHelper_ObjectAccess                                    Fail         System.AssertException: Assertion Failed: Should have some accessible objects                                                                                                                                                                                                
                                                                                                                      Class.CVMAGuestUserSchedulerTest.testGuestUserPermissionHelper_ObjectAccess: line 88, column 1                                                                                                                                                                                           
CVMAGuestUserSchedulerTest.testGuestUserPermissionHelper_ProfileValidation                               Pass                                                                                                                                                                                                                                                                                      221         
CVMAGuestUserSchedulerTest.testSchedulerBookingHelper_AppointmentCancellation                            Pass                                                                                                                                                                                                                                                                                      259         
CVMAGuestUserSchedulerTest.testSchedulerBookingHelper_AppointmentCreation                                Fail         CVMASchedulerBookingHelper.CVMASchedulerException: Failed to create appointment: Insert failed. First exception on row 0; first error: INSUFFICIENT_ACCESS_ON_CROSS_REFERENCE_ENTITY, insufficient access rights on cross-reference id: 08qbm0000003zII: []                  
                                                                                                                      Class.CVMASchedulerBookingHelper.createGuestAppointment: line 32, column 1                                                                                                                                                                                                   
                                                                                                                      Class.CVMAGuestUserSchedulerTest.testSchedulerBookingHelper_AppointmentCreation: line 169, column 1                                                                                                                                                                                      
CVMAGuestUserSchedulerTest.testSchedulerBookingHelper_AppointmentUpdates                                 Pass                                                                                                                                                                                                                                                                                      179         
CVMAGuestUserSchedulerTest.testSchedulerBookingHelper_AvailabilityChecking                               Pass                                                                                                                                                                                                                                                                                      274         
CVMAGuestUserSchedulerTest.testSchedulerBookingHelper_DurationAndLimits                                  Pass                                                                                                                                                                                                                                                                                      15          
CVMAGuestUserSchedulerTest.testSchedulerBookingHelper_GuestAppointments                                  Pass                                                                                                                                                                                                                                                                                      198         
CVMAGuestUserSchedulerTest.testSchedulerBookingHelper_InvalidRequests                                    Pass                                                                                                                                                                                                                                                                                      15          
CVMAGuestUserSchedulerTest.testSchedulerBookingHelper_RequestValidation                                  Pass                                                                                                                                                                                                                                                                                      16          
CVMAMembershipApplicationControllerTest.testCheckApplicationStatus_Found                                 Fail         System.DmlException: Update failed. First exception on row 0 with id 005bm00000HbGaHAAV; first error: UNKNOWN_EXCEPTION, You can't create a contact for this user because the org doesn't have the necessary permissions. Contact Salesforce Customer Support for help.: []  
                                                                                                                      Class.CVMAMembershipApplicationControllerTest.setupTestData: line 49, column 1                                                                                                                                                                                                           
CVMAMembershipApplicationControllerTest.testCheckApplicationStatus_NotFound                              Fail         System.DmlException: Update failed. First exception on row 0 with id 005bm00000HbGaHAAV; first error: UNKNOWN_EXCEPTION, You can't create a contact for this user because the org doesn't have the necessary permissions. Contact Salesforce Customer Support for help.: []  
                                                                                                                      Class.CVMAMembershipApplicationControllerTest.setupTestData: line 49, column 1                                                                                                                                                                                                           
CVMAMembershipApplicationControllerTest.testGetPendingApplications_NonOfficerAccess                      Fail         System.DmlException: Update failed. First exception on row 0 with id 005bm00000HbGaHAAV; first error: UNKNOWN_EXCEPTION, You can't create a contact for this user because the org doesn't have the necessary permissions. Contact Salesforce Customer Support for help.: []  
                                                                                                                      Class.CVMAMembershipApplicationControllerTest.setupTestData: line 49, column 1                                                                                                                                                                                                           
CVMAMembershipApplicationControllerTest.testGetPendingApplications_OfficerAccess                         Fail         System.DmlException: Update failed. First exception on row 0 with id 005bm00000HbGaHAAV; first error: UNKNOWN_EXCEPTION, You can't create a contact for this user because the org doesn't have the necessary permissions. Contact Salesforce Customer Support for help.: []  
                                                                                                                      Class.CVMAMembershipApplicationControllerTest.setupTestData: line 49, column 1                                                                                                                                                                                                           
CVMAMembershipApplicationControllerTest.testMembershipIdGeneration                                       Fail         System.DmlException: Update failed. First exception on row 0 with id 005bm00000HbGaHAAV; first error: UNKNOWN_EXCEPTION, You can't create a contact for this user because the org doesn't have the necessary permissions. Contact Salesforce Customer Support for help.: []  
                                                                                                                      Class.CVMAMembershipApplicationControllerTest.setupTestData: line 49, column 1                                                                                                                                                                                                           
CVMAMembershipApplicationControllerTest.testSubmitMembershipApplication_DuplicateEmail                   Fail         System.DmlException: Update failed. First exception on row 0 with id 005bm00000HbGaHAAV; first error: UNKNOWN_EXCEPTION, You can't create a contact for this user because the org doesn't have the necessary permissions. Contact Salesforce Customer Support for help.: []  
                                                                                                                      Class.CVMAMembershipApplicationControllerTest.setupTestData: line 49, column 1                                                                                                                                                                                                           
CVMAMembershipApplicationControllerTest.testSubmitMembershipApplication_Success                          Fail         System.DmlException: Update failed. First exception on row 0 with id 005bm00000HbGaHAAV; first error: UNKNOWN_EXCEPTION, You can't create a contact for this user because the org doesn't have the necessary permissions. Contact Salesforce Customer Support for help.: []  
                                                                                                                      Class.CVMAMembershipApplicationControllerTest.setupTestData: line 49, column 1                                                                                                                                                                                                           
CVMAMembershipApplicationControllerTest.testSubmitMembershipApplication_ValidationFailure                Fail         System.DmlException: Update failed. First exception on row 0 with id 005bm00000HbGaHAAV; first error: UNKNOWN_EXCEPTION, You can't create a contact for this user because the org doesn't have the necessary permissions. Contact Salesforce Customer Support for help.: []  
                                                                                                                      Class.CVMAMembershipApplicationControllerTest.setupTestData: line 49, column 1                                                                                                                                                                                                           
CVMAMembershipApplicationControllerTest.testUpdateApplicationStatus_Approval                             Fail         System.DmlException: Update failed. First exception on row 0 with id 005bm00000HbGaHAAV; first error: UNKNOWN_EXCEPTION, You can't create a contact for this user because the org doesn't have the necessary permissions. Contact Salesforce Customer Support for help.: []  
                                                                                                                      Class.CVMAMembershipApplicationControllerTest.setupTestData: line 49, column 1                                                                                                                                                                                                           
CVMAMembershipApplicationControllerTest.testUpdateApplicationStatus_NonOfficerAccess                     Fail         System.DmlException: Update failed. First exception on row 0 with id 005bm00000HbGaHAAV; first error: UNKNOWN_EXCEPTION, You can't create a contact for this user because the org doesn't have the necessary permissions. Contact Salesforce Customer Support for help.: []  
                                                                                                                      Class.CVMAMembershipApplicationControllerTest.setupTestData: line 49, column 1                                                                                                                                                                                                           
CVMAMembershipApplicationControllerTest.testUpdateApplicationStatus_Rejection                            Fail         System.DmlException: Update failed. First exception on row 0 with id 005bm00000HbGaHAAV; first error: UNKNOWN_EXCEPTION, You can't create a contact for this user because the org doesn't have the necessary permissions. Contact Salesforce Customer Support for help.: []  
                                                                                                                      Class.CVMAMembershipApplicationControllerTest.setupTestData: line 49, column 1                                                                                                                                                                                                           
CVMAAccessibilityControllerTest.testAccessibilityPreferences_MobilityLimitations                         Pass                                                                                                                                                                                                                                                                                      53          
CVMAAccessibilityControllerTest.testAccessibilityPreferences_VisualImpairment                            Pass                                                                                                                                                                                                                                                                                      26          
CVMAAccessibilityControllerTest.testBulkWCAGValidations                                                  Pass                                                                                                                                                                                                                                                                                      18          
CVMAAccessibilityControllerTest.testGenerateAccessibilityReport                                          Pass                                                                                                                                                                                                                                                                                      67          
CVMAAccessibilityControllerTest.testGenerateAccessibilityReport_NoCases                                  Pass                                                                                                                                                                                                                                                                                      1768        
CVMAAccessibilityControllerTest.testGetAccessibilityAssistanceResources                                  Pass                                                                                                                                                                                                                                                                                      124         
CVMAAccessibilityControllerTest.testGetAccessibilityConfiguration                                        Pass                                                                                                                                                                                                                                                                                      50          
CVMAAccessibilityControllerTest.testGetAccessibilityConfiguration_InvalidUser                            Pass                                                                                                                                                                                                                                                                                      28          
CVMAAccessibilityControllerTest.testPerformanceWithLargePreferences                                      Pass                                                                                                                                                                                                                                                                                      28          
CVMAAccessibilityControllerTest.testSecurityEnforcement                                                  Pass                                                                                                                                                                                                                                                                                      69          
CVMAAccessibilityControllerTest.testUpdateAccessibilityPreferences                                       Pass                                                                                                                                                                                                                                                                                      25          
CVMAAccessibilityControllerTest.testValidateWCAGCompliance                                               Pass                                                                                                                                                                                                                                                                                      18          
CVMAAccessibilityControllerTest.testValidateWCAGCompliance_MultipleComponents                            Pass                                                                                                                                                                                                                                                                                      17          
CVMAValidationDebugTest.debugValidationError                                                             Pass                                                                                                                                                                                                                                                                                      1640        
ChangePasswordControllerTest.testChangePasswordController                                                Pass                                                                                                                                                                                                                                                                                      65          
SiteRegisterControllerTest.testRegistration                                                              Pass                                                                                                                                                                                                                                                                                      40          
SiteLoginControllerTest.testSiteLoginController                                                          Pass                                                                                                                                                                                                                                                                                      49          
CVMAMemberDocControllerSimpleTest.testAccessControlLogic                                                 Pass                                                                                                                                                                                                                                                                                      113         
CVMAMemberDocControllerSimpleTest.testBulkCategoryRetrieval                                              Pass                                                                                                                                                                                                                                                                                      9           
CVMAMemberDocControllerSimpleTest.testDocumentationCategoriesStructure                                   Pass                                                                                                                                                                                                                                                                                      9           
CVMAMemberDocControllerSimpleTest.testErrorHandling_NullParameters                                       Pass                                                                                                                                                                                                                                                                                      10          
CVMAMemberDocControllerSimpleTest.testGetAvailableMemberDocumentation_Success                            Pass                                                                                                                                                                                                                                                                                      9           
CVMAMemberDocControllerSimpleTest.testInputSanitization                                                  Pass                                                                                                                                                                                                                                                                                      15          
CVMAMemberDocControllerSimpleTest.testRequestMemberDocumentation_InvalidCategory                         Pass                                                                                                                                                                                                                                                                                      13          
CVMAMemberDocControllerSimpleTest.testRequestMemberDocumentation_ValidationLogic                         Fail         System.AssertException: Assertion Failed: Should indicate missing required parameters: Script-thrown exception                                                                                                                                                               
                                                                                                                      Class.CVMAMemberDocControllerSimpleTest.testRequestMemberDocumentation_ValidationLogic: line 65, column 1                                                                                                                                                                                
CVMAMemberDocumentationControllerTest.testBulkOperations_MultipleRequests                                Fail         System.DmlException: Insert failed. First exception on row 0; first error: MIXED_DML_OPERATION, DML operation on setup object is not permitted after you have updated a non-setup object (or vice versa): EmailTemplate, original object: Campaign: []                       
                                                                                                                      Class.CVMAMemberDocumentationControllerTest.setupTestData: line 55, column 1                                                                                                                                                                                                             
CVMAMemberDocumentationControllerTest.testCampaignMemberValidation_InvalidMember_AccessDenied            Fail         System.DmlException: Insert failed. First exception on row 0; first error: MIXED_DML_OPERATION, DML operation on setup object is not permitted after you have updated a non-setup object (or vice versa): EmailTemplate, original object: Campaign: []                       
                                                                                                                      Class.CVMAMemberDocumentationControllerTest.setupTestData: line 55, column 1                                                                                                                                                                                                             
CVMAMemberDocumentationControllerTest.testCampaignMemberValidation_ValidMember_Success                   Fail         System.DmlException: Insert failed. First exception on row 0; first error: MIXED_DML_OPERATION, DML operation on setup object is not permitted after you have updated a non-setup object (or vice versa): EmailTemplate, original object: Campaign: []                       
                                                                                                                      Class.CVMAMemberDocumentationControllerTest.setupTestData: line 55, column 1                                                                                                                                                                                                             
CVMAMemberDocumentationControllerTest.testDocumentAccessLogic_PublicVsRestricted                         Fail         System.DmlException: Insert failed. First exception on row 0; first error: MIXED_DML_OPERATION, DML operation on setup object is not permitted after you have updated a non-setup object (or vice versa): EmailTemplate, original object: Campaign: []                       
                                                                                                                      Class.CVMAMemberDocumentationControllerTest.setupTestData: line 55, column 1                                                                                                                                                                                                             
CVMAMemberDocumentationControllerTest.testEmailTemplateMapping_AllCategories                             Fail         System.DmlException: Insert failed. First exception on row 0; first error: MIXED_DML_OPERATION, DML operation on setup object is not permitted after you have updated a non-setup object (or vice versa): EmailTemplate, original object: Campaign: []                       
                                                                                                                      Class.CVMAMemberDocumentationControllerTest.setupTestData: line 55, column 1                                                                                                                                                                                                             
CVMAMemberDocumentationControllerTest.testErrorHandling_DatabaseException                                Fail         System.DmlException: Insert failed. First exception on row 0; first error: MIXED_DML_OPERATION, DML operation on setup object is not permitted after you have updated a non-setup object (or vice versa): EmailTemplate, original object: Campaign: []                       
                                                                                                                      Class.CVMAMemberDocumentationControllerTest.setupTestData: line 55, column 1                                                                                                                                                                                                             
CVMAMemberDocumentationControllerTest.testGetAvailableMemberDocumentation_Success                        Fail         System.DmlException: Insert failed. First exception on row 0; first error: MIXED_DML_OPERATION, DML operation on setup object is not permitted after you have updated a non-setup object (or vice versa): EmailTemplate, original object: Campaign: []                       
                                                                                                                      Class.CVMAMemberDocumentationControllerTest.setupTestData: line 55, column 1                                                                                                                                                                                                             
CVMAMemberDocumentationControllerTest.testInputSanitization_SQLInjectionPrevention                       Fail         System.DmlException: Insert failed. First exception on row 0; first error: MIXED_DML_OPERATION, DML operation on setup object is not permitted after you have updated a non-setup object (or vice versa): EmailTemplate, original object: Campaign: []                       
                                                                                                                      Class.CVMAMemberDocumentationControllerTest.setupTestData: line 55, column 1                                                                                                                                                                                                             
CVMAMemberDocumentationControllerTest.testRequestMemberDocumentation_InvalidCategory_NotFound            Fail         System.DmlException: Insert failed. First exception on row 0; first error: MIXED_DML_OPERATION, DML operation on setup object is not permitted after you have updated a non-setup object (or vice versa): EmailTemplate, original object: Campaign: []                       
                                                                                                                      Class.CVMAMemberDocumentationControllerTest.setupTestData: line 55, column 1                                                                                                                                                                                                             
CVMAMemberDocumentationControllerTest.testRequestMemberDocumentation_InvalidMember_AccessDenied          Fail         System.DmlException: Insert failed. First exception on row 0; first error: MIXED_DML_OPERATION, DML operation on setup object is not permitted after you have updated a non-setup object (or vice versa): EmailTemplate, original object: Campaign: []                       
                                                                                                                      Class.CVMAMemberDocumentationControllerTest.setupTestData: line 55, column 1                                                                                                                                                                                                             
CVMAMemberDocumentationControllerTest.testRequestMemberDocumentation_InvalidParameters_Error             Fail         System.DmlException: Insert failed. First exception on row 0; first error: MIXED_DML_OPERATION, DML operation on setup object is not permitted after you have updated a non-setup object (or vice versa): EmailTemplate, original object: Campaign: []                       
                                                                                                                      Class.CVMAMemberDocumentationControllerTest.setupTestData: line 55, column 1                                                                                                                                                                                                             
CVMAMemberDocumentationControllerTest.testRequestMemberDocumentation_PublicDocument_Success              Fail         System.DmlException: Insert failed. First exception on row 0; first error: MIXED_DML_OPERATION, DML operation on setup object is not permitted after you have updated a non-setup object (or vice versa): EmailTemplate, original object: Campaign: []                       
                                                                                                                      Class.CVMAMemberDocumentationControllerTest.setupTestData: line 55, column 1                                                                                                                                                                                                             
CVMAMemberDocumentationControllerTest.testRequestMemberDocumentation_ValidMember_Success                 Fail         System.DmlException: Insert failed. First exception on row 0; first error: MIXED_DML_OPERATION, DML operation on setup object is not permitted after you have updated a non-setup object (or vice versa): EmailTemplate, original object: Campaign: []                       
                                                                                                                      Class.CVMAMemberDocumentationControllerTest.setupTestData: line 55, column 1                                                                                                                                                                                                             
QueryControllerMVPTest.testCountWithGroupBy                                                              Pass                                                                                                                                                                                                                                                                                      121         
QueryControllerMVPTest.testDefaultLimitAddition                                                          Pass                                                                                                                                                                                                                                                                                      61          
QueryControllerMVPTest.testErrorHandling_InvalidSyntax                                                   Pass                                                                                                                                                                                                                                                                                      109         
QueryControllerMVPTest.testExecuteMultipleQueries_SecurityViolation                                      Pass                                                                                                                                                                                                                                                                                      9           
QueryControllerMVPTest.testExecuteMultipleQueries_SubsequentSecurityViolations                           Pass                                                                                                                                                                                                                                                                                      86          
QueryControllerMVPTest.testExecuteMultipleQueries_Success                                                Pass                                                                                                                                                                                                                                                                                      138         
QueryControllerMVPTest.testExecuteQuery_Success                                                          Pass                                                                                                                                                                                                                                                                                      41          
QueryControllerMVPTest.testExecutionTimeTracking                                                         Pass                                                                                                                                                                                                                                                                                      41          
QueryControllerMVPTest.testFieldAccessValidation                                                         Pass                                                                                                                                                                                                                                                                                      39          
QueryControllerMVPTest.testGetBasicSchemaInfo                                                            Pass                                                                                                                                                                                                                                                                                      42          
QueryControllerMVPTest.testInputValidation_AllBlankQueries                                               Pass                                                                                                                                                                                                                                                                                      9           
QueryControllerMVPTest.testInputValidation_BlankQueries                                                  Pass                                                                                                                                                                                                                                                                                      79          
QueryControllerMVPTest.testInputValidation_BlankSingleQuery                                              Pass                                                                                                                                                                                                                                                                                      10          
QueryControllerMVPTest.testInputValidation_EmptyQueries                                                  Pass                                                                                                                                                                                                                                                                                      10          
QueryControllerMVPTest.testInputValidation_NullQueries                                                   Pass                                                                                                                                                                                                                                                                                      9           
QueryControllerMVPTest.testInputValidation_TooManyQueries                                                Pass                                                                                                                                                                                                                                                                                      9           
QueryControllerMVPTest.testLargeResultSetHandling                                                        Pass                                                                                                                                                                                                                                                                                      422         
QueryControllerMVPTest.testMixedSuccessFailure                                                           Pass                                                                                                                                                                                                                                                                                      96          
QueryControllerMVPTest.testPerformanceValidation_CountWithoutGroupBy                                     Pass                                                                                                                                                                                                                                                                                      10          
QueryControllerMVPTest.testPerformanceValidation_ExcessiveLimit                                          Pass                                                                                                                                                                                                                                                                                      11          
QueryControllerMVPTest.testPerformanceValidation_TooManyRelationships                                    Pass                                                                                                                                                                                                                                                                                      9           
QueryControllerMVPTest.testQueryIndexTracking                                                            Pass                                                                                                                                                                                                                                                                                      111         
QueryControllerMVPTest.testSecurityValidation_DeleteVsIsDeleted                                          Pass                                                                                                                                                                                                                                                                                      44          
QueryControllerMVPTest.testSecurityValidation_ForUpdate                                                  Pass                                                                                                                                                                                                                                                                                      9           
QueryControllerMVPTest.testSecurityValidation_ForbiddenOperations                                        Pass                                                                                                                                                                                                                                                                                      9           
QueryControllerMVPTest.testSecurityValidation_LimitAllCustomObjects                                      Pass                                                                                                                                                                                                                                                                                      10          
QueryControllerMVPTest.testSecurityValidation_NonSelectQuery                                             Pass                                                                                                                                                                                                                                                                                      9           
QueryControllerMVPTest.testSerializationComplexQueries                                                   Pass                                                                                                                                                                                                                                                                                      64          
QueryControllerMVPTest.testSerializationErrorHandling                                                    Pass                                                                                                                                                                                                                                                                                      44          
QueryControllerMVPTest.testUserFriendlyErrorMessages                                                     Pass                                                                                                                                                                                                                                                                                      46          
CVMAMembershipAutomationControllerTest.testDataStructures_ApplicationData                                Pass                                                                                                                                                                                                                                                                                      14          
CVMAMembershipAutomationControllerTest.testDataStructures_MembershipIdResult                             Pass                                                                                                                                                                                                                                                                                      251         
CVMAMembershipAutomationControllerTest.testDataStructures_ValidationResult                               Pass                                                                                                                                                                                                                                                                                      9           
CVMAMembershipAutomationControllerTest.testGenerateMembershipIds_Success                                 Pass                                                                                                                                                                                                                                                                                      254         
CVMAMembershipAutomationControllerTest.testGetOfficerNotificationEmails_Success                          Pass                                                                                                                                                                                                                                                                                      74          
CVMAMembershipAutomationControllerTest.testSecurityEnforcement                                           Pass                                                                                                                                                                                                                                                                                      26          
CVMAMembershipAutomationControllerTest.testValidateMembershipApplication_ExistingMembership              Pass                                                                                                                                                                                                                                                                                      18          
CVMAMembershipAutomationControllerTest.testValidateMembershipApplication_InvalidEmail                    Pass                                                                                                                                                                                                                                                                                      10          
CVMAMembershipAutomationControllerTest.testValidateMembershipApplication_MissingRequiredFields           Pass                                                                                                                                                                                                                                                                                      9           
CVMAMembershipAutomationControllerTest.testValidateMembershipApplication_MultipleApplications            Pass                                                                                                                                                                                                                                                                                      24          
CVMAMembershipAutomationControllerTest.testValidateMembershipApplication_ValidData                       Pass                                                                                                                                                                                                                                                                                      16          
CVMAMemberAccessControllerTest.testBulkAccessValidations                                                 Pass                                                                                                                                                                                                                                                                                      199         
CVMAMemberAccessControllerTest.testGetGuestUserAccess                                                    Pass                                                                                                                                                                                                                                                                                      52          
CVMAMemberAccessControllerTest.testPerformanceWithLargeUserBase                                          Pass                                                                                                                                                                                                                                                                                      31          
CVMAMemberAccessControllerTest.testSecurityEnforcement                                                   Pass                                                                                                                                                                                                                                                                                      48          
CVMAMemberAccessControllerTest.testUpdateAccessPreferences_NoContact                                     Pass                                                                                                                                                                                                                                                                                      37          
CVMAMemberAccessControllerTest.testUpdateMemberAccessPreferences                                         Pass                                                                                                                                                                                                                                                                                      26          
CVMAMemberAccessControllerTest.testValidateResourceAccess                                                Pass                                                                                                                                                                                                                                                                                      58          
CVMAMemberAccessControllerTest.testValidateResourceAccess_RestrictedResource                             Pass                                                                                                                                                                                                                                                                                      62          
CVMAMemberAccessControllerTest.testValidateUserAccess_AuthenticatedMember                                Pass                                                                                                                                                                                                                                                                                      51          
CVMAMemberAccessControllerTest.testValidateUserAccess_InvalidUser                                        Pass                                                                                                                                                                                                                                                                                      28          
CVMAMemberAccessControllerTest.testVerifyMemberEligibility                                               Pass                                                                                                                                                                                                                                                                                      63          
CVMAMemberAccessControllerTest.testVerifyMemberEligibility_NonVeteran                                    Pass                                                                                                                                                                                                                                                                                      1170        
CVMAMemberAuthQuickTest.testAuthenticateFullMember                                                       Pass                                                                                                                                                                                                                                                                                      83          
CVMAMemberAuthQuickTest.testAuthenticateSupportMember                                                    Pass                                                                                                                                                                                                                                                                                      39          
CVMAMemberAuthQuickTest.testInvalidCredentials                                                           Fail         System.AssertException: Assertion Failed: Should return appropriate error                                                                                                                                                                                                    
                                                                                                                      Class.CVMAMemberAuthQuickTest.testInvalidCredentials: line 61, column 1                                                                                                                                                                                                                  
CVMAMemberAuthQuickTest.testMemberEpic8Access                                                            Pass                                                                                                                                                                                                                                                                                      54          
CVMAMemberAuthQuickTest.testSecurityEnforcement                                                          Pass                                                                                                                                                                                                                                                                                      79          
LightningForgotPasswordControllerTest.LightningForgotPasswordControllerInstantiation                     Pass                                                                                                                                                                                                                                                                                      74          
LightningForgotPasswordControllerTest.testLightningForgotPasswordControllerInvalidUserName               Pass                                                                                                                                                                                                                                                                                      5           
LightningForgotPasswordControllerTest.testLightningForgotPasswordControllerWithNullCheckEmailRef         Pass                                                                                                                                                                                                                                                                                      4           
CVMAUsageTrackingControllerTest.testDevelopmentMetricsWrapperClass                                       Pass                                                                                                                                                                                                                                                                                      43          
CVMAUsageTrackingControllerTest.testEpicProgressWrapperClass                                             Pass                                                                                                                                                                                                                                                                                      9           
CVMAUsageTrackingControllerTest.testErrorHandling_ExportUsageMetrics                                     Pass                                                                                                                                                                                                                                                                                      14          
CVMAUsageTrackingControllerTest.testErrorHandling_GetClaudeCodeUsage                                     Pass                                                                                                                                                                                                                                                                                      12          
CVMAUsageTrackingControllerTest.testErrorHandling_GetUsageMetrics                                        Pass                                                                                                                                                                                                                                                                                      12          
CVMAUsageTrackingControllerTest.testExportUsageMetrics_Success                                           Pass                                                                                                                                                                                                                                                                                      12          
CVMAUsageTrackingControllerTest.testGetClaudeCodeUsage_Success                                           Pass                                                                                                                                                                                                                                                                                      12          
CVMAUsageTrackingControllerTest.testGetUsageMetrics_Success                                              Pass                                                                                                                                                                                                                                                                                      12          
CVMAUsageTrackingControllerTest.testSessionMetricsWrapperClass                                           Pass                                                                                                                                                                                                                                                                                      9           
LightningSelfRegisterControllerTest.LightningSelfRegisterControllerInstantiation                         Pass                                                                                                                                                                                                                                                                                      39          
LightningSelfRegisterControllerTest.testGetExtraFieldsInSelfRegistration                                 Pass                                                                                                                                                                                                                                                                                      22          
LightningSelfRegisterControllerTest.testGetNonEmptyExtraFields                                           Pass                                                                                                                                                                                                                                                                                      10          
LightningSelfRegisterControllerTest.testGetNullExtraFields                                               Pass                                                                                                                                                                                                                                                                                      10          
LightningSelfRegisterControllerTest.testIsValidPassword                                                  Pass                                                                                                                                                                                                                                                                                      4           
LightningSelfRegisterControllerTest.testSelfRegisterWithCreatedAccount                                   Pass                                                                                                                                                                                                                                                                                      1709        
LightningSelfRegisterControllerTest.testSelfRegisterWithProperCredentials                                Pass                                                                                                                                                                                                                                                                                      11          
LightningSelfRegisterControllerTest.testSelfRegistration                                                 Pass                                                                                                                                                                                                                                                                                      10          
LightningSelfRegisterControllerTest.testSiteAsContainerEnabled                                           Pass                                                                                                                                                                                                                                                                                      34          
LightningLoginFormControllerTest.LightningLoginFormControllerInstantiation                               Pass                                                                                                                                                                                                                                                                                      53          
LightningLoginFormControllerTest.testAuthConfig                                                          Pass                                                                                                                                                                                                                                                                                      17          
LightningLoginFormControllerTest.testGetSelfRegistrationURL                                              Pass                                                                                                                                                                                                                                                                                      11          
LightningLoginFormControllerTest.testIsSelfRegistrationEnabled                                           Pass                                                                                                                                                                                                                                                                                      10          
LightningLoginFormControllerTest.testIsUsernamePasswordEnabled                                           Pass                                                                                                                                                                                                                                                                                      28          
MicrobatchSelfRegControllerTest.testMicrobatchSelfRegController                                          Pass                                                                                                                                                                                                                                                                                      56          
CVMAVeteranResourceFinderControllerTest.testBulkOperations                                               Pass                                                                                                                                                                                                                                                                                      266         
CVMAVeteranResourceFinderControllerTest.testErrorHandling                                                Pass                                                                                                                                                                                                                                                                                      19          
CVMAVeteranResourceFinderControllerTest.testGetResourceRatingsAndReviews                                 Pass                                                                                                                                                                                                                                                                                      56          
CVMAVeteranResourceFinderControllerTest.testGetVeteranResourceDirectory_Success                          Pass                                                                                                                                                                                                                                                                                      61          
CVMAVeteranResourceFinderControllerTest.testMemberEligibilityProfile                                     Fail         System.AssertException: Assertion Failed: Search should be successful: Expected: true, Actual: false                                                                                                                                                                         
                                                                                                                      Class.CVMAVeteranResourceFinderControllerTest.testMemberEligibilityProfile: line 278, column 1                                                                                                                                                                                           
CVMAVeteranResourceFinderControllerTest.testPerformanceWithLargeResults                                  Pass                                                                                                                                                                                                                                                                                      39          
CVMAVeteranResourceFinderControllerTest.testSearchVeteranResources_EmptySearch                           Pass                                                                                                                                                                                                                                                                                      55          
CVMAVeteranResourceFinderControllerTest.testSearchVeteranResources_GuestUser                             Fail         System.AssertException: Assertion Failed: Search should be successful: Expected: true, Actual: false                                                                                                                                                                         
                                                                                                                      Class.CVMAVeteranResourceFinderControllerTest.testSearchVeteranResources_GuestUser: line 131, column 1                                                                                                                                                                                   
CVMAVeteranResourceFinderControllerTest.testSearchVeteranResources_WithAllFilters                        Fail         System.AssertException: Assertion Failed: Search should be successful: Expected: true, Actual: false                                                                                                                                                                         
                                                                                                                      Class.CVMAVeteranResourceFinderControllerTest.testSearchVeteranResources_WithAllFilters: line 109, column 1                                                                                                                                                                              
CVMAVeteranResourceFinderControllerTest.testSecurityEnforcement                                          Pass                                                                                                                                                                                                                                                                                      40          
CVMAVeteranResourceFinderControllerTest.testSubmitResourceReview                                         Pass                                                                                                                                                                                                                                                                                      205         
CVMAVeteranResourceFinderControllerTest.testSubmitResourceReview_InvalidRating                           Pass                                                                                                                                                                                                                                                                                      187         
CommunitiesSelfRegConfirmControllerTest.testCommunitiesSelfRegConfirmController                          Pass                                                                                                                                                                                                                                                                                      37          
CVMAVAServicesIntegrationControllerTest.testCreateServiceCoordinationCase_InvalidData                    Pass                                                                                                                                                                                                                                                                                      40          
CVMAVAServicesIntegrationControllerTest.testCreateServiceCoordinationCase_Success                        Pass                                                                                                                                                                                                                                                                                      194         
CVMAVAServicesIntegrationControllerTest.testErrorHandling_InvalidContactId                               Pass                                                                                                                                                                                                                                                                                      124         
CVMAVAServicesIntegrationControllerTest.testGetAdvocacySupport                                           Pass                                                                                                                                                                                                                                                                                      150         
CVMAVAServicesIntegrationControllerTest.testGetBenefitsCoordination_Healthcare                           Pass                                                                                                                                                                                                                                                                                      109         
CVMAVAServicesIntegrationControllerTest.testGetVAAppointmentAssistance                                   Pass                                                                                                                                                                                                                                                                                      102         
CVMAVAServicesIntegrationControllerTest.testGetVAServicesIntegration_Success                             Pass                                                                                                                                                                                                                                                                                      82          
CVMAVAServicesIntegrationControllerTest.testSecurityEnforcement                                          Pass                                                                                                                                                                                                                                                                                      75          
CVMAEventControllerLDSTest.testAddMemberToEvent                                                          Fail         System.DmlException: Insert failed. First exception on row 0; first error: FIELD_CUSTOM_VALIDATION_EXCEPTION, Failed to create Account for Contact Test Member2. Use one of these records?: []                                                                               
                                                                                                                      Class.CVMATestDataFactory.ContactBuilder.create: line 130, column 1                                                                                                                                                                                                          
                                                                                                                      Class.CVMAEventControllerLDSTest.setupTestData: line 32, column 1                                                                                                                                                                                                                        
CVMAEventControllerLDSTest.testAddMemberToEventDuplicate                                                 Fail         System.DmlException: Insert failed. First exception on row 0; first error: FIELD_CUSTOM_VALIDATION_EXCEPTION, Failed to create Account for Contact Test Member2. Use one of these records?: []                                                                               
                                                                                                                      Class.CVMATestDataFactory.ContactBuilder.create: line 130, column 1                                                                                                                                                                                                          
                                                                                                                      Class.CVMAEventControllerLDSTest.setupTestData: line 32, column 1                                                                                                                                                                                                                        
CVMAEventControllerLDSTest.testBulkOperations                                                            Fail         System.DmlException: Insert failed. First exception on row 0; first error: FIELD_CUSTOM_VALIDATION_EXCEPTION, Failed to create Account for Contact Test Member2. Use one of these records?: []                                                                               
                                                                                                                      Class.CVMATestDataFactory.ContactBuilder.create: line 130, column 1                                                                                                                                                                                                          
                                                                                                                      Class.CVMAEventControllerLDSTest.setupTestData: line 32, column 1                                                                                                                                                                                                                        
CVMAEventControllerLDSTest.testCreateRecurringEvents                                                     Fail         System.DmlException: Insert failed. First exception on row 0; first error: FIELD_CUSTOM_VALIDATION_EXCEPTION, Failed to create Account for Contact Test Member2. Use one of these records?: []                                                                               
                                                                                                                      Class.CVMATestDataFactory.ContactBuilder.create: line 130, column 1                                                                                                                                                                                                          
                                                                                                                      Class.CVMAEventControllerLDSTest.setupTestData: line 32, column 1                                                                                                                                                                                                                        
CVMAEventControllerLDSTest.testCreateRecurringEventsInvalidParams                                        Fail         System.DmlException: Insert failed. First exception on row 0; first error: FIELD_CUSTOM_VALIDATION_EXCEPTION, Failed to create Account for Contact Test Member2. Use one of these records?: []                                                                               
                                                                                                                      Class.CVMATestDataFactory.ContactBuilder.create: line 130, column 1                                                                                                                                                                                                          
                                                                                                                      Class.CVMAEventControllerLDSTest.setupTestData: line 32, column 1                                                                                                                                                                                                                        
CVMAEventControllerLDSTest.testCreateRecurringEventsMonthly                                              Fail         System.DmlException: Insert failed. First exception on row 0; first error: FIELD_CUSTOM_VALIDATION_EXCEPTION, Failed to create Account for Contact Test Member2. Use one of these records?: []                                                                               
                                                                                                                      Class.CVMATestDataFactory.ContactBuilder.create: line 130, column 1                                                                                                                                                                                                          
                                                                                                                      Class.CVMAEventControllerLDSTest.setupTestData: line 32, column 1                                                                                                                                                                                                                        
CVMAEventControllerLDSTest.testErrorHandling                                                             Fail         System.DmlException: Insert failed. First exception on row 0; first error: FIELD_CUSTOM_VALIDATION_EXCEPTION, Failed to create Account for Contact Test Member2. Use one of these records?: []                                                                               
                                                                                                                      Class.CVMATestDataFactory.ContactBuilder.create: line 130, column 1                                                                                                                                                                                                          
                                                                                                                      Class.CVMAEventControllerLDSTest.setupTestData: line 32, column 1                                                                                                                                                                                                                        
CVMAEventControllerLDSTest.testGetEventStats                                                             Fail         System.DmlException: Insert failed. First exception on row 0; first error: FIELD_CUSTOM_VALIDATION_EXCEPTION, Failed to create Account for Contact Test Member2. Use one of these records?: []                                                                               
                                                                                                                      Class.CVMATestDataFactory.ContactBuilder.create: line 130, column 1                                                                                                                                                                                                          
                                                                                                                      Class.CVMAEventControllerLDSTest.setupTestData: line 32, column 1                                                                                                                                                                                                                        
CVMAEventControllerLDSTest.testGetEventStatsUnlimitedCapacity                                            Fail         System.DmlException: Insert failed. First exception on row 0; first error: FIELD_CUSTOM_VALIDATION_EXCEPTION, Failed to create Account for Contact Test Member2. Use one of these records?: []                                                                               
                                                                                                                      Class.CVMATestDataFactory.ContactBuilder.create: line 130, column 1                                                                                                                                                                                                          
                                                                                                                      Class.CVMAEventControllerLDSTest.setupTestData: line 32, column 1                                                                                                                                                                                                                        
CVMAEventControllerLDSTest.testGetEventTypes                                                             Fail         System.DmlException: Insert failed. First exception on row 0; first error: FIELD_CUSTOM_VALIDATION_EXCEPTION, Failed to create Account for Contact Test Member2. Use one of these records?: []                                                                               
                                                                                                                      Class.CVMATestDataFactory.ContactBuilder.create: line 130, column 1                                                                                                                                                                                                          
                                                                                                                      Class.CVMAEventControllerLDSTest.setupTestData: line 32, column 1                                                                                                                                                                                                                        
CVMAEventControllerLDSTest.testGetUpcomingEventsSummary                                                  Fail         System.DmlException: Insert failed. First exception on row 0; first error: FIELD_CUSTOM_VALIDATION_EXCEPTION, Failed to create Account for Contact Test Member2. Use one of these records?: []                                                                               
                                                                                                                      Class.CVMATestDataFactory.ContactBuilder.create: line 130, column 1                                                                                                                                                                                                          
                                                                                                                      Class.CVMAEventControllerLDSTest.setupTestData: line 32, column 1                                                                                                                                                                                                                        
CommunitiesSelfRegControllerTest.testCommunitiesSelfRegController                                        Pass                                                                                                                                                                                                                                                                                      19          
CVMAEinsteinAnalyticsControllerTest.testAnalyticsWithNoData                                              Fail         System.DmlException: Insert failed. First exception on row 0; first error: FIELD_CUSTOM_VALIDATION_EXCEPTION, Failed to create Account for Contact HighEngagement Member1. Use one of these records?: []                                                                     
                                                                                                                      Class.CVMATestDataFactory.ContactBuilder.create: line 130, column 1                                                                                                                                                                                                          
                                                                                                                      Class.CVMAEinsteinAnalyticsControllerTest.setupTestData: line 29, column 1                                                                                                                                                                                                               
CVMAEinsteinAnalyticsControllerTest.testCaching                                                          Fail         System.DmlException: Insert failed. First exception on row 0; first error: FIELD_CUSTOM_VALIDATION_EXCEPTION, Failed to create Account for Contact HighEngagement Member1. Use one of these records?: []                                                                     
                                                                                                                      Class.CVMATestDataFactory.ContactBuilder.create: line 130, column 1                                                                                                                                                                                                          
                                                                                                                      Class.CVMAEinsteinAnalyticsControllerTest.setupTestData: line 29, column 1                                                                                                                                                                                                               
CVMAEinsteinAnalyticsControllerTest.testChurnRiskMembers                                                 Fail         System.DmlException: Insert failed. First exception on row 0; first error: FIELD_CUSTOM_VALIDATION_EXCEPTION, Failed to create Account for Contact HighEngagement Member1. Use one of these records?: []                                                                     
                                                                                                                      Class.CVMATestDataFactory.ContactBuilder.create: line 130, column 1                                                                                                                                                                                                          
                                                                                                                      Class.CVMAEinsteinAnalyticsControllerTest.setupTestData: line 29, column 1                                                                                                                                                                                                               
CVMAEinsteinAnalyticsControllerTest.testEngagementTrendAnalysis                                          Fail         System.DmlException: Insert failed. First exception on row 0; first error: FIELD_CUSTOM_VALIDATION_EXCEPTION, Failed to create Account for Contact HighEngagement Member1. Use one of these records?: []                                                                     
                                                                                                                      Class.CVMATestDataFactory.ContactBuilder.create: line 130, column 1                                                                                                                                                                                                          
                                                                                                                      Class.CVMAEinsteinAnalyticsControllerTest.setupTestData: line 29, column 1                                                                                                                                                                                                               
CVMAEinsteinAnalyticsControllerTest.testErrorHandling                                                    Fail         System.DmlException: Insert failed. First exception on row 0; first error: FIELD_CUSTOM_VALIDATION_EXCEPTION, Failed to create Account for Contact HighEngagement Member1. Use one of these records?: []                                                                     
                                                                                                                      Class.CVMATestDataFactory.ContactBuilder.create: line 130, column 1                                                                                                                                                                                                          
                                                                                                                      Class.CVMAEinsteinAnalyticsControllerTest.setupTestData: line 29, column 1                                                                                                                                                                                                               
CVMAEinsteinAnalyticsControllerTest.testGetEinsteinPredictiveAnalytics                                   Fail         System.DmlException: Insert failed. First exception on row 0; first error: FIELD_CUSTOM_VALIDATION_EXCEPTION, Failed to create Account for Contact HighEngagement Member1. Use one of these records?: []                                                                     
                                                                                                                      Class.CVMATestDataFactory.ContactBuilder.create: line 130, column 1                                                                                                                                                                                                          
                                                                                                                      Class.CVMAEinsteinAnalyticsControllerTest.setupTestData: line 29, column 1                                                                                                                                                                                                               
CVMAEinsteinAnalyticsControllerTest.testModelPerformanceMetrics                                          Fail         System.DmlException: Insert failed. First exception on row 0; first error: FIELD_CUSTOM_VALIDATION_EXCEPTION, Failed to create Account for Contact HighEngagement Member1. Use one of these records?: []                                                                     
                                                                                                                      Class.CVMATestDataFactory.ContactBuilder.create: line 130, column 1                                                                                                                                                                                                          
                                                                                                                      Class.CVMAEinsteinAnalyticsControllerTest.setupTestData: line 29, column 1                                                                                                                                                                                                               
CVMAGuestCalendarHelperTest.testContentSanitization                                                      Fail         System.DmlException: Insert failed. First exception on row 0; first error: INVALID_OR_NULL_FOR_RESTRICTED_PICKLIST, Level: bad value for restricted picklist field: Associate Member: [Level__c]                                                                             
                                                                                                                      Class.CVMATestDataFactory.ContactBuilder.create: line 130, column 1                                                                                                                                                                                                          
                                                                                                                      Class.CVMAGuestCalendarHelperTest.makeData: line 33, column 1                                                                                                                                                                                                                            
CVMAGuestCalendarHelperTest.testErrorHandling                                                            Fail         System.DmlException: Insert failed. First exception on row 0; first error: INVALID_OR_NULL_FOR_RESTRICTED_PICKLIST, Level: bad value for restricted picklist field: Associate Member: [Level__c]                                                                             
                                                                                                                      Class.CVMATestDataFactory.ContactBuilder.create: line 130, column 1                                                                                                                                                                                                          
                                                                                                                      Class.CVMAGuestCalendarHelperTest.makeData: line 33, column 1                                                                                                                                                                                                                            
CVMAGuestCalendarHelperTest.testGetCurrentMonthPublicEvents                                              Fail         System.DmlException: Insert failed. First exception on row 0; first error: INVALID_OR_NULL_FOR_RESTRICTED_PICKLIST, Level: bad value for restricted picklist field: Associate Member: [Level__c]                                                                             
                                                                                                                      Class.CVMATestDataFactory.ContactBuilder.create: line 130, column 1                                                                                                                                                                                                          
                                                                                                                      Class.CVMAGuestCalendarHelperTest.makeData: line 33, column 1                                                                                                                                                                                                                            
CVMAGuestCalendarHelperTest.testGetPublicCalendarEvents_NullDates                                        Fail         System.DmlException: Insert failed. First exception on row 0; first error: INVALID_OR_NULL_FOR_RESTRICTED_PICKLIST, Level: bad value for restricted picklist field: Associate Member: [Level__c]                                                                             
                                                                                                                      Class.CVMATestDataFactory.ContactBuilder.create: line 130, column 1                                                                                                                                                                                                          
                                                                                                                      Class.CVMAGuestCalendarHelperTest.makeData: line 33, column 1                                                                                                                                                                                                                            
CVMAGuestCalendarHelperTest.testGetPublicCalendarEvents_Success                                          Fail         System.DmlException: Insert failed. First exception on row 0; first error: INVALID_OR_NULL_FOR_RESTRICTED_PICKLIST, Level: bad value for restricted picklist field: Associate Member: [Level__c]                                                                             
                                                                                                                      Class.CVMATestDataFactory.ContactBuilder.create: line 130, column 1                                                                                                                                                                                                          
                                                                                                                      Class.CVMAGuestCalendarHelperTest.makeData: line 33, column 1                                                                                                                                                                                                                            
CVMAGuestCalendarHelperTest.testGetPublicEventDetails_InvalidId                                          Fail         System.DmlException: Insert failed. First exception on row 0; first error: INVALID_OR_NULL_FOR_RESTRICTED_PICKLIST, Level: bad value for restricted picklist field: Associate Member: [Level__c]                                                                             
                                                                                                                      Class.CVMATestDataFactory.ContactBuilder.create: line 130, column 1                                                                                                                                                                                                          
                                                                                                                      Class.CVMAGuestCalendarHelperTest.makeData: line 33, column 1                                                                                                                                                                                                                            
CVMAGuestCalendarHelperTest.testGetPublicEventDetails_PrivateEvent                                       Fail         System.DmlException: Insert failed. First exception on row 0; first error: INVALID_OR_NULL_FOR_RESTRICTED_PICKLIST, Level: bad value for restricted picklist field: Associate Member: [Level__c]                                                                             
                                                                                                                      Class.CVMATestDataFactory.ContactBuilder.create: line 130, column 1                                                                                                                                                                                                          
                                                                                                                      Class.CVMAGuestCalendarHelperTest.makeData: line 33, column 1                                                                                                                                                                                                                            
CVMAGuestCalendarHelperTest.testGetPublicEventDetails_Success                                            Fail         System.DmlException: Insert failed. First exception on row 0; first error: INVALID_OR_NULL_FOR_RESTRICTED_PICKLIST, Level: bad value for restricted picklist field: Associate Member: [Level__c]                                                                             
                                                                                                                      Class.CVMATestDataFactory.ContactBuilder.create: line 130, column 1                                                                                                                                                                                                          
                                                                                                                      Class.CVMAGuestCalendarHelperTest.makeData: line 33, column 1                                                                                                                                                                                                                            
CVMAGuestCalendarHelperTest.testGetPublicRSVPSummary_NoCampaignMembers                                   Fail         System.DmlException: Insert failed. First exception on row 0; first error: INVALID_OR_NULL_FOR_RESTRICTED_PICKLIST, Level: bad value for restricted picklist field: Associate Member: [Level__c]                                                                             
                                                                                                                      Class.CVMATestDataFactory.ContactBuilder.create: line 130, column 1                                                                                                                                                                                                          
                                                                                                                      Class.CVMAGuestCalendarHelperTest.makeData: line 33, column 1                                                                                                                                                                                                                            
CVMAGuestCalendarHelperTest.testGetPublicRSVPSummary_NullCampaign                                        Fail         System.DmlException: Insert failed. First exception on row 0; first error: INVALID_OR_NULL_FOR_RESTRICTED_PICKLIST, Level: bad value for restricted picklist field: Associate Member: [Level__c]                                                                             
                                                                                                                      Class.CVMATestDataFactory.ContactBuilder.create: line 130, column 1                                                                                                                                                                                                          
                                                                                                                      Class.CVMAGuestCalendarHelperTest.makeData: line 33, column 1                                                                                                                                                                                                                            
CVMAGuestCalendarHelperTest.testGetPublicRSVPSummary_Success                                             Fail         System.DmlException: Insert failed. First exception on row 0; first error: INVALID_OR_NULL_FOR_RESTRICTED_PICKLIST, Level: bad value for restricted picklist field: Associate Member: [Level__c]                                                                             
                                                                                                                      Class.CVMATestDataFactory.ContactBuilder.create: line 130, column 1                                                                                                                                                                                                          
                                                                                                                      Class.CVMAGuestCalendarHelperTest.makeData: line 33, column 1                                                                                                                                                                                                                            
CVMAGuestCalendarHelperTest.testLimitEnforcement                                                         Fail         System.DmlException: Insert failed. First exception on row 0; first error: INVALID_OR_NULL_FOR_RESTRICTED_PICKLIST, Level: bad value for restricted picklist field: Associate Member: [Level__c]                                                                             
                                                                                                                      Class.CVMATestDataFactory.ContactBuilder.create: line 130, column 1                                                                                                                                                                                                          
                                                                                                                      Class.CVMAGuestCalendarHelperTest.makeData: line 33, column 1                                                                                                                                                                                                                            
CVMAGuestCalendarHelperTest.testSecurityBoundaries                                                       Fail         System.DmlException: Insert failed. First exception on row 0; first error: INVALID_OR_NULL_FOR_RESTRICTED_PICKLIST, Level: bad value for restricted picklist field: Associate Member: [Level__c]                                                                             
                                                                                                                      Class.CVMATestDataFactory.ContactBuilder.create: line 130, column 1                                                                                                                                                                                                          
                                                                                                                      Class.CVMAGuestCalendarHelperTest.makeData: line 33, column 1                                                                                                                                                                                                                            
CVMAMockGovIntegrationHelperTest.testBulkDataHandling                                                    Fail         System.DmlException: Insert failed. First exception on row 0; first error: DUPLICATES_DETECTED, Use one of these records?: []                                                                                                                                                
                                                                                                                      Class.CVMATestDataFactory.ContactBuilder.create: line 130, column 1                                                                                                                                                                                                          
                                                                                                                      Class.CVMATestDataFactory.setupBasicTestData: line 515, column 1                                                                                                                                                                                                             
                                                                                                                      Class.CVMAMockGovIntegrationHelperTest.setupTestData: line 13, column 1                                                                                                                                                                                                                  
CVMAMockGovIntegrationHelperTest.testCachingFunctionality                                                Fail         System.DmlException: Insert failed. First exception on row 0; first error: DUPLICATES_DETECTED, Use one of these records?: []                                                                                                                                                
                                                                                                                      Class.CVMATestDataFactory.ContactBuilder.create: line 130, column 1                                                                                                                                                                                                          
                                                                                                                      Class.CVMATestDataFactory.setupBasicTestData: line 515, column 1                                                                                                                                                                                                             
                                                                                                                      Class.CVMAMockGovIntegrationHelperTest.setupTestData: line 13, column 1                                                                                                                                                                                                                  
CVMAMockGovIntegrationHelperTest.testDisabilityRatingDistribution                                        Fail         System.DmlException: Insert failed. First exception on row 0; first error: DUPLICATES_DETECTED, Use one of these records?: []                                                                                                                                                
                                                                                                                      Class.CVMATestDataFactory.ContactBuilder.create: line 130, column 1                                                                                                                                                                                                          
                                                                                                                      Class.CVMATestDataFactory.setupBasicTestData: line 515, column 1                                                                                                                                                                                                             
                                                                                                                      Class.CVMAMockGovIntegrationHelperTest.setupTestData: line 13, column 1                                                                                                                                                                                                                  
CVMAMockGovIntegrationHelperTest.testErrorHandlingInvalidContactId                                       Fail         System.DmlException: Insert failed. First exception on row 0; first error: DUPLICATES_DETECTED, Use one of these records?: []                                                                                                                                                
                                                                                                                      Class.CVMATestDataFactory.ContactBuilder.create: line 130, column 1                                                                                                                                                                                                          
                                                                                                                      Class.CVMATestDataFactory.setupBasicTestData: line 515, column 1                                                                                                                                                                                                             
                                                                                                                      Class.CVMAMockGovIntegrationHelperTest.setupTestData: line 13, column 1                                                                                                                                                                                                                  
CVMAMockGovIntegrationHelperTest.testErrorHandlingNullContactId                                          Fail         System.DmlException: Insert failed. First exception on row 0; first error: DUPLICATES_DETECTED, Use one of these records?: []                                                                                                                                                
                                                                                                                      Class.CVMATestDataFactory.ContactBuilder.create: line 130, column 1                                                                                                                                                                                                          
                                                                                                                      Class.CVMATestDataFactory.setupBasicTestData: line 515, column 1                                                                                                                                                                                                             
                                                                                                                      Class.CVMAMockGovIntegrationHelperTest.setupTestData: line 13, column 1                                                                                                                                                                                                                  
CVMAMockGovIntegrationHelperTest.testGetBenefitRecommendations                                           Fail         System.DmlException: Insert failed. First exception on row 0; first error: DUPLICATES_DETECTED, Use one of these records?: []                                                                                                                                                
                                                                                                                      Class.CVMATestDataFactory.ContactBuilder.create: line 130, column 1                                                                                                                                                                                                          
                                                                                                                      Class.CVMATestDataFactory.setupBasicTestData: line 515, column 1                                                                                                                                                                                                             
                                                                                                                      Class.CVMAMockGovIntegrationHelperTest.setupTestData: line 13, column 1                                                                                                                                                                                                                  
CVMAMockGovIntegrationHelperTest.testGetDODRecordsSimple                                                 Fail         System.DmlException: Insert failed. First exception on row 0; first error: DUPLICATES_DETECTED, Use one of these records?: []                                                                                                                                                
                                                                                                                      Class.CVMATestDataFactory.ContactBuilder.create: line 130, column 1                                                                                                                                                                                                          
                                                                                                                      Class.CVMATestDataFactory.setupBasicTestData: line 515, column 1                                                                                                                                                                                                             
                                                                                                                      Class.CVMAMockGovIntegrationHelperTest.setupTestData: line 13, column 1                                                                                                                                                                                                                  
CVMAMockGovIntegrationHelperTest.testGetVABenefitsSimple                                                 Fail         System.DmlException: Insert failed. First exception on row 0; first error: DUPLICATES_DETECTED, Use one of these records?: []                                                                                                                                                
                                                                                                                      Class.CVMATestDataFactory.ContactBuilder.create: line 130, column 1                                                                                                                                                                                                          
                                                                                                                      Class.CVMATestDataFactory.setupBasicTestData: line 515, column 1                                                                                                                                                                                                             
                                                                                                                      Class.CVMAMockGovIntegrationHelperTest.setupTestData: line 13, column 1                                                                                                                                                                                                                  
CVMAMockGovIntegrationHelperTest.testSecurityEnforcement                                                 Fail         System.DmlException: Insert failed. First exception on row 0; first error: DUPLICATES_DETECTED, Use one of these records?: []                                                                                                                                                
                                                                                                                      Class.CVMATestDataFactory.ContactBuilder.create: line 130, column 1                                                                                                                                                                                                          
                                                                                                                      Class.CVMATestDataFactory.setupBasicTestData: line 515, column 1                                                                                                                                                                                                             
                                                                                                                      Class.CVMAMockGovIntegrationHelperTest.setupTestData: line 13, column 1                                                                                                                                                                                                                  
CVMAMockGovIntegrationHelperTest.testServiceBranchVariety                                                Fail         System.DmlException: Insert failed. First exception on row 0; first error: DUPLICATES_DETECTED, Use one of these records?: []                                                                                                                                                
                                                                                                                      Class.CVMATestDataFactory.ContactBuilder.create: line 130, column 1                                                                                                                                                                                                          
                                                                                                                      Class.CVMATestDataFactory.setupBasicTestData: line 515, column 1                                                                                                                                                                                                             
                                                                                                                      Class.CVMAMockGovIntegrationHelperTest.setupTestData: line 13, column 1                                                                                                                                                                                                                  
CVMANPSPFinancialControllerTest.testEmptyDataHandling                                                    Pass                                                                                                                                                                                                                                                                                      1301        
CVMANPSPFinancialControllerTest.testGetCampaignROIAnalytics                                              Fail         System.AssertException: Assertion Failed: Should have 1 positive response: Expected: 1, Actual: 0                                                                                                                                                                            
                                                                                                                      Class.CVMANPSPFinancialControllerTest.testGetCampaignROIAnalytics: line 230, column 1                                                                                                                                                                                                    
CVMANPSPFinancialControllerTest.testGetNPSPFinancialSummary                                              Pass                                                                                                                                                                                                                                                                                      128         
CVMANPSPFinancialControllerTest.testNPSPHouseholdGiving                                                  Pass                                                                                                                                                                                                                                                                                      114         
CVMANPSPFinancialControllerTest.testNPSPIntegrationWithoutPermissions                                    Fail         System.AssertException: Assertion Failed: Should throw exception for unauthorized user                                                                                                                                                                                       
                                                                                                                      Class.CVMANPSPFinancialControllerTest.testNPSPIntegrationWithoutPermissions: line 335, column 1                                                                                                                                                                                          
CVMANPSPFinancialControllerTest.testRegionMapping                                                        Pass                                                                                                                                                                                                                                                                                      119         
CVMANPSPFinancialControllerTest.testTopDonorAnalytics                                                    Pass                                                                                                                                                                                                                                                                                      127         
CVMACEBDocumentationControllerSimpleTest.testBulkOperations_GovernorLimits                               Pass                                                                                                                                                                                                                                                                                      269         
CVMACEBDocumentationControllerSimpleTest.testCEBAccessValidation_ProfileChecking                         Pass                                                                                                                                                                                                                                                                                      69          
CVMACEBDocumentationControllerSimpleTest.testCEBAccessValidation_SystemAdministrator_Granted             Pass                                                                                                                                                                                                                                                                                      72          
CVMACEBDocumentationControllerSimpleTest.testDataConsistency_CacheableMethods                            Pass                                                                                                                                                                                                                                                                                      103         
CVMACEBDocumentationControllerSimpleTest.testGetCEBDocumentCategories_AuthorizedUser_Success             Pass                                                                                                                                                                                                                                                                                      76          
CVMACEBDocumentationControllerSimpleTest.testGetCEBDocumentCategories_ErrorHandling                      Pass                                                                                                                                                                                                                                                                                      70          
CVMACEBDocumentationControllerSimpleTest.testGetCEBDocumentCategories_UnauthorizedUser_AccessDenied      Fail         System.AssertException: Assertion Failed: Should indicate access denied                                                                                                                                                                                                      
                                                                                                                      Class.CVMACEBDocumentationControllerSimpleTest.testGetCEBDocumentCategories_UnauthorizedUser_AccessDenied: line 142, column 1                                                                                                                                                            
CVMACEBDocumentationControllerSimpleTest.testGetCEBDocumentationAnalytics_AuthorizedUser_Success         Pass                                                                                                                                                                                                                                                                                      71          
CVMACEBDocumentationControllerSimpleTest.testGetCEBDocumentationAnalytics_ErrorHandling                  Pass                                                                                                                                                                                                                                                                                      72          
CVMACEBDocumentationControllerSimpleTest.testGetCEBDocumentationAnalytics_UnauthorizedUser_AccessDenied  Fail         System.AssertException: Assertion Failed: Should indicate access denied                                                                                                                                                                                                      
                                                                                                                      Class.CVMACEBDocumentationControllerSimpleTest.testGetCEBDocumentationAnalytics_UnauthorizedUser_AccessDenied: line 212, column 1                                                                                                                                                        
CVMACEBDocumentationControllerSimpleTest.testMethodVisibility_AuraEnabledMethods                         Pass                                                                                                                                                                                                                                                                                      82          
CVMACEBDocumentationControllerSimpleTest.testSecurity_DifferentUserContexts                              Pass                                                                                                                                                                                                                                                                                      90          
CVMAEpic8Phase3ControllerTest.testDashboardDataIntegrity                                                 Pass                                                                                                                                                                                                                                                                                      20          
CVMAEpic8Phase3ControllerTest.testGetAdvancedAutomationEngine_Success                                    Pass                                                                                                                                                                                                                                                                                      11          
CVMAEpic8Phase3ControllerTest.testGetCrossChapterAnalytics_Success                                       Pass                                                                                                                                                                                                                                                                                      11          
CVMAEpic8Phase3ControllerTest.testGetEnhancedMemberServices_InvalidId                                    Pass                                                                                                                                                                                                                                                                                      2707        
CVMAEpic8Phase3ControllerTest.testGetEnhancedMemberServices_Success                                      Pass                                                                                                                                                                                                                                                                                      37          
CVMAEpic8Phase3ControllerTest.testGetEpic8Phase3Dashboard_Success                                        Pass                                                                                                                                                                                                                                                                                      13          
CVMAEpic8Phase3ControllerTest.testGetVeteranServicesIntegration_Success                                  Pass                                                                                                                                                                                                                                                                                      12          
CVMAEpic8Phase3ControllerTest.testMemberServiceRecommendations                                           Pass                                                                                                                                                                                                                                                                                      38          
CVMAEpic8Phase3ControllerTest.testPerformanceMetrics                                                     Pass                                                                                                                                                                                                                                                                                      13          
CVMAEpic8Phase3ControllerTest.testSecurityEnforcement                                                    Pass                                                                                                                                                                                                                                                                                      37          
CVMAEpic8Phase3ControllerTest.testSuccessIndicators                                                      Pass                                                                                                                                                                                                                                                                                      13          
CVMAMemberAuthenticationControllerTest.testAuthenticateMember_AuxiliaryMember_Success                    Fail         System.DmlException: Insert failed. First exception on row 3; first error: INVALID_OR_NULL_FOR_RESTRICTED_PICKLIST, Level: bad value for restricted picklist field: Prospect: [Level__c]                                                                                     
                                                                                                                      Class.CVMAMemberAuthenticationControllerTest.setupTestData: line 83, column 1                                                                                                                                                                                                            
CVMAMemberAuthenticationControllerTest.testAuthenticateMember_EmailMismatch                              Fail         System.DmlException: Insert failed. First exception on row 3; first error: INVALID_OR_NULL_FOR_RESTRICTED_PICKLIST, Level: bad value for restricted picklist field: Prospect: [Level__c]                                                                                     
                                                                                                                      Class.CVMAMemberAuthenticationControllerTest.setupTestData: line 83, column 1                                                                                                                                                                                                            
CVMAMemberAuthenticationControllerTest.testAuthenticateMember_ExpiredMember_Success                      Fail         System.DmlException: Insert failed. First exception on row 3; first error: INVALID_OR_NULL_FOR_RESTRICTED_PICKLIST, Level: bad value for restricted picklist field: Prospect: [Level__c]                                                                                     
                                                                                                                      Class.CVMAMemberAuthenticationControllerTest.setupTestData: line 83, column 1                                                                                                                                                                                                            
CVMAMemberAuthenticationControllerTest.testAuthenticateMember_FullMember_Success                         Fail         System.DmlException: Insert failed. First exception on row 3; first error: INVALID_OR_NULL_FOR_RESTRICTED_PICKLIST, Level: bad value for restricted picklist field: Prospect: [Level__c]                                                                                     
                                                                                                                      Class.CVMAMemberAuthenticationControllerTest.setupTestData: line 83, column 1                                                                                                                                                                                                            
CVMAMemberAuthenticationControllerTest.testAuthenticateMember_InvalidCredentials                         Fail         System.DmlException: Insert failed. First exception on row 3; first error: INVALID_OR_NULL_FOR_RESTRICTED_PICKLIST, Level: bad value for restricted picklist field: Prospect: [Level__c]                                                                                     
                                                                                                                      Class.CVMAMemberAuthenticationControllerTest.setupTestData: line 83, column 1                                                                                                                                                                                                            
CVMAMemberAuthenticationControllerTest.testAuthenticateMember_MissingParameters                          Fail         System.DmlException: Insert failed. First exception on row 3; first error: INVALID_OR_NULL_FOR_RESTRICTED_PICKLIST, Level: bad value for restricted picklist field: Prospect: [Level__c]                                                                                     
                                                                                                                      Class.CVMAMemberAuthenticationControllerTest.setupTestData: line 83, column 1                                                                                                                                                                                                            
CVMAMemberAuthenticationControllerTest.testFeatureAccessByLevel                                          Fail         System.DmlException: Insert failed. First exception on row 3; first error: INVALID_OR_NULL_FOR_RESTRICTED_PICKLIST, Level: bad value for restricted picklist field: Prospect: [Level__c]                                                                                     
                                                                                                                      Class.CVMAMemberAuthenticationControllerTest.setupTestData: line 83, column 1                                                                                                                                                                                                            
CVMAMemberAuthenticationControllerTest.testGetMemberAnalyticsDashboard_Success                           Fail         System.DmlException: Insert failed. First exception on row 3; first error: INVALID_OR_NULL_FOR_RESTRICTED_PICKLIST, Level: bad value for restricted picklist field: Prospect: [Level__c]                                                                                     
                                                                                                                      Class.CVMAMemberAuthenticationControllerTest.setupTestData: line 83, column 1                                                                                                                                                                                                            
CVMAMemberAuthenticationControllerTest.testGetMemberCrossChapterAccess_FullMember                        Fail         System.DmlException: Insert failed. First exception on row 3; first error: INVALID_OR_NULL_FOR_RESTRICTED_PICKLIST, Level: bad value for restricted picklist field: Prospect: [Level__c]                                                                                     
                                                                                                                      Class.CVMAMemberAuthenticationControllerTest.setupTestData: line 83, column 1                                                                                                                                                                                                            
CVMAMemberAuthenticationControllerTest.testGetMemberCrossChapterAccess_Prospect                          Fail         System.DmlException: Insert failed. First exception on row 3; first error: INVALID_OR_NULL_FOR_RESTRICTED_PICKLIST, Level: bad value for restricted picklist field: Prospect: [Level__c]                                                                                     
                                                                                                                      Class.CVMAMemberAuthenticationControllerTest.setupTestData: line 83, column 1                                                                                                                                                                                                            
CVMAMemberAuthenticationControllerTest.testGetMemberEpic8Access_FullMember                               Fail         System.DmlException: Insert failed. First exception on row 3; first error: INVALID_OR_NULL_FOR_RESTRICTED_PICKLIST, Level: bad value for restricted picklist field: Prospect: [Level__c]                                                                                     
                                                                                                                      Class.CVMAMemberAuthenticationControllerTest.setupTestData: line 83, column 1                                                                                                                                                                                                            
CVMAMemberAuthenticationControllerTest.testGetMemberEpic8Access_SupportMember                            Fail         System.DmlException: Insert failed. First exception on row 3; first error: INVALID_OR_NULL_FOR_RESTRICTED_PICKLIST, Level: bad value for restricted picklist field: Prospect: [Level__c]                                                                                     
                                                                                                                      Class.CVMAMemberAuthenticationControllerTest.setupTestData: line 83, column 1                                                                                                                                                                                                            
CVMAMemberAuthenticationControllerTest.testMemberAccessLevels                                            Fail         System.DmlException: Insert failed. First exception on row 3; first error: INVALID_OR_NULL_FOR_RESTRICTED_PICKLIST, Level: bad value for restricted picklist field: Prospect: [Level__c]                                                                                     
                                                                                                                      Class.CVMAMemberAuthenticationControllerTest.setupTestData: line 83, column 1                                                                                                                                                                                                            
CVMAMemberAuthenticationControllerTest.testMembershipTenureCalculation                                   Fail         System.DmlException: Insert failed. First exception on row 3; first error: INVALID_OR_NULL_FOR_RESTRICTED_PICKLIST, Level: bad value for restricted picklist field: Prospect: [Level__c]                                                                                     
                                                                                                                      Class.CVMAMemberAuthenticationControllerTest.setupTestData: line 83, column 1                                                                                                                                                                                                            
CVMAMemberAuthenticationControllerTest.testSecurityEnforcement                                           Fail         System.DmlException: Insert failed. First exception on row 3; first error: INVALID_OR_NULL_FOR_RESTRICTED_PICKLIST, Level: bad value for restricted picklist field: Prospect: [Level__c]                                                                                     
                                                                                                                      Class.CVMAMemberAuthenticationControllerTest.setupTestData: line 83, column 1                                                                                                                                                                                                            
CVMAErrorHandlerTest.testCreateUserMessage_DataValidationCategory                                        Pass                                                                                                                                                                                                                                                                                      25          
CVMAErrorHandlerTest.testCreateUserMessage_DmlException                                                  Pass                                                                                                                                                                                                                                                                                      98          
CVMAErrorHandlerTest.testCreateUserMessage_SecurityCategory                                              Pass                                                                                                                                                                                                                                                                                      14          
CVMAErrorHandlerTest.testCustomExceptionTypes                                                            Pass                                                                                                                                                                                                                                                                                      12          
CVMAErrorHandlerTest.testErrorLogFallback                                                                Pass                                                                                                                                                                                                                                                                                      141         
CVMAErrorHandlerTest.testHandleException_FullWorkflow                                                    Pass                                                                                                                                                                                                                                                                                      123         
CVMAErrorHandlerTest.testIsValidEmail                                                                    Pass                                                                                                                                                                                                                                                                                      12          
CVMAErrorHandlerTest.testLogError_BasicLogging                                                           Fail         System.AssertException: Assertion Failed: Error message should contain exception details                                                                                                                                                                                     
                                                                                                                      Class.CVMAErrorHandlerTest.testLogError_BasicLogging: line 57, column 1                                                                                                                                                                                                                  
CVMAErrorHandlerTest.testLogError_WithContextData                                                        Pass                                                                                                                                                                                                                                                                                      241         
CVMAErrorHandlerTest.testSanitizeInput                                                                   Pass                                                                                                                                                                                                                                                                                      12          
CVMAErrorHandlerTest.testValidateCRUDPermissions_SecurityException                                       Pass                                                                                                                                                                                                                                                                                      16          
CVMAErrorHandlerTest.testValidateCRUDPermissions_Success                                                 Pass                                                                                                                                                                                                                                                                                      29          
CVMAMemberLifecycleControllerTest.testBulkOperations_MultipleMembers                                     Pass                                                                                                                                                                                                                                                                                      377         
CVMAMemberLifecycleControllerTest.testCreateMemberRetentionCampaign                                      Pass                                                                                                                                                                                                                                                                                      362         
CVMAMemberLifecycleControllerTest.testDataValidation_EdgeCases                                           Fail         System.DmlException: Insert failed. First exception on row 0; first error: REQUIRED_FIELD_MISSING, Required fields are missing: [Membership_Id__c]: [Membership_Id__c]                                                                                                       
                                                                                                                      Class.CVMAMemberLifecycleControllerTest.testDataValidation_EdgeCases: line 531, column 1                                                                                                                                                                                                 
CVMAMemberLifecycleControllerTest.testErrorHandling_InvalidContactId                                     Pass                                                                                                                                                                                                                                                                                      67          
CVMAMemberLifecycleControllerTest.testGetMemberAnalyticsDashboard                                        Pass                                                                                                                                                                                                                                                                                      95          
CVMAMemberLifecycleControllerTest.testGetMemberAnalyticsDashboard_DefaultYear                            Pass                                                                                                                                                                                                                                                                                      94          
CVMAMemberLifecycleControllerTest.testGetMemberEngagementOptimization                                    Pass                                                                                                                                                                                                                                                                                      56          
CVMAMemberLifecycleControllerTest.testGetMemberLifecycleAnalytics_AtRiskMember                           Pass                                                                                                                                                                                                                                                                                      136         
CVMAMemberLifecycleControllerTest.testGetMemberLifecycleAnalytics_FullMember                             Pass                                                                                                                                                                                                                                                                                      117         
CVMAMemberLifecycleControllerTest.testInitiateNewMemberOnboarding_Success                                Fail         System.AssertException: Assertion Failed: Should successfully initiate onboarding: Expected: true, Actual: false                                                                                                                                                             
                                                                                                                      Class.CVMAMemberLifecycleControllerTest.testInitiateNewMemberOnboarding_Success: line 269, column 1                                                                                                                                                                                      
CVMAMemberLifecycleControllerTest.testSecurityEnforcement                                                Pass                                                                                                                                                                                                                                                                                      1490        
CVMATreasuryDashboardControllerTest.testCampaignFinancialDataStructure                                   Fail         System.DmlException: Insert failed. First exception on row 0; first error: REQUIRED_FIELD_MISSING, Required fields are missing: [Membership_Id__c]: [Membership_Id__c]                                                                                                       
                                                                                                                      Class.CVMATreasuryDashboardControllerTest.setupTestData: line 46, column 1                                                                                                                                                                                                               
CVMATreasuryDashboardControllerTest.testGetCampaignMemberFinancials_Success                              Fail         System.DmlException: Insert failed. First exception on row 0; first error: REQUIRED_FIELD_MISSING, Required fields are missing: [Membership_Id__c]: [Membership_Id__c]                                                                                                       
                                                                                                                      Class.CVMATreasuryDashboardControllerTest.setupTestData: line 46, column 1                                                                                                                                                                                                               
CVMATreasuryDashboardControllerTest.testGetTreasurySummary_NoData                                        Fail         System.DmlException: Insert failed. First exception on row 0; first error: REQUIRED_FIELD_MISSING, Required fields are missing: [Membership_Id__c]: [Membership_Id__c]                                                                                                       
                                                                                                                      Class.CVMATreasuryDashboardControllerTest.setupTestData: line 46, column 1                                                                                                                                                                                                               
CVMATreasuryDashboardControllerTest.testGetTreasurySummary_Success                                       Fail         System.DmlException: Insert failed. First exception on row 0; first error: REQUIRED_FIELD_MISSING, Required fields are missing: [Membership_Id__c]: [Membership_Id__c]                                                                                                       
                                                                                                                      Class.CVMATreasuryDashboardControllerTest.setupTestData: line 46, column 1                                                                                                                                                                                                               
CVMATreasuryDashboardControllerTest.testTreasuryAccess_SecurityValidation                                Fail         System.DmlException: Insert failed. First exception on row 0; first error: REQUIRED_FIELD_MISSING, Required fields are missing: [Membership_Id__c]: [Membership_Id__c]                                                                                                       
                                                                                                                      Class.CVMATreasuryDashboardControllerTest.setupTestData: line 46, column 1                                                                                                                                                                                                               
CVMATreasuryDashboardControllerTest.testTreasurySummaryDataStructure                                     Fail         System.DmlException: Insert failed. First exception on row 0; first error: REQUIRED_FIELD_MISSING, Required fields are missing: [Membership_Id__c]: [Membership_Id__c]                                                                                                       
                                                                                                                      Class.CVMATreasuryDashboardControllerTest.setupTestData: line 46, column 1                                                                                                                                                                                                               
CVMAEventRSVPControllerTest.testBulkRSVPOperations                                                       Fail         System.DmlException: Insert failed. First exception on row 0; first error: FIELD_INTEGRITY_EXCEPTION, only portal users can be associated to a contact: []                                                                                                                   
                                                                                                                      Class.CVMAEventRSVPControllerTest.setupTestData: line 67, column 1                                                                                                                                                                                                                       
CVMAEventRSVPControllerTest.testGetCurrentUserRSVP_WithExistingRSVP                                      Fail         System.DmlException: Insert failed. First exception on row 0; first error: FIELD_INTEGRITY_EXCEPTION, only portal users can be associated to a contact: []                                                                                                                   
                                                                                                                      Class.CVMAEventRSVPControllerTest.setupTestData: line 67, column 1                                                                                                                                                                                                                       
CVMAEventRSVPControllerTest.testGetCurrentUserRSVP_WithoutExistingRSVP                                   Fail         System.DmlException: Insert failed. First exception on row 0; first error: FIELD_INTEGRITY_EXCEPTION, only portal users can be associated to a contact: []                                                                                                                   
                                                                                                                      Class.CVMAEventRSVPControllerTest.setupTestData: line 67, column 1                                                                                                                                                                                                                       
CVMAEventRSVPControllerTest.testGetEventAttendees_WithPrivacyControls                                    Fail         System.DmlException: Insert failed. First exception on row 0; first error: FIELD_INTEGRITY_EXCEPTION, only portal users can be associated to a contact: []                                                                                                                   
                                                                                                                      Class.CVMAEventRSVPControllerTest.setupTestData: line 67, column 1                                                                                                                                                                                                                       
CVMAEventRSVPControllerTest.testGetRSVPSummary                                                           Fail         System.DmlException: Insert failed. First exception on row 0; first error: FIELD_INTEGRITY_EXCEPTION, only portal users can be associated to a contact: []                                                                                                                   
                                                                                                                      Class.CVMAEventRSVPControllerTest.setupTestData: line 67, column 1                                                                                                                                                                                                                       
CVMAEventRSVPControllerTest.testInputSanitization                                                        Fail         System.DmlException: Insert failed. First exception on row 0; first error: FIELD_INTEGRITY_EXCEPTION, only portal users can be associated to a contact: []                                                                                                                   
                                                                                                                      Class.CVMAEventRSVPControllerTest.setupTestData: line 67, column 1                                                                                                                                                                                                                       
CVMAEventRSVPControllerTest.testNonMemberAccess                                                          Fail         System.DmlException: Insert failed. First exception on row 0; first error: FIELD_INTEGRITY_EXCEPTION, only portal users can be associated to a contact: []                                                                                                                   
                                                                                                                      Class.CVMAEventRSVPControllerTest.setupTestData: line 67, column 1                                                                                                                                                                                                                       
CVMAEventRSVPControllerTest.testPrivateEventAccess                                                       Fail         System.DmlException: Insert failed. First exception on row 0; first error: FIELD_INTEGRITY_EXCEPTION, only portal users can be associated to a contact: []                                                                                                                   
                                                                                                                      Class.CVMAEventRSVPControllerTest.setupTestData: line 67, column 1                                                                                                                                                                                                                       
CVMAEventRSVPControllerTest.testSecurityEnforcement                                                      Fail         System.DmlException: Insert failed. First exception on row 0; first error: FIELD_INTEGRITY_EXCEPTION, only portal users can be associated to a contact: []                                                                                                                   
                                                                                                                      Class.CVMAEventRSVPControllerTest.setupTestData: line 67, column 1                                                                                                                                                                                                                       
CVMAEventRSVPControllerTest.testSubmitRSVP_NewRSVP                                                       Fail         System.DmlException: Insert failed. First exception on row 0; first error: FIELD_INTEGRITY_EXCEPTION, only portal users can be associated to a contact: []                                                                                                                   
                                                                                                                      Class.CVMAEventRSVPControllerTest.setupTestData: line 67, column 1                                                                                                                                                                                                                       
CVMAEventRSVPControllerTest.testSubmitRSVP_UpdateExistingRSVP                                            Fail         System.DmlException: Insert failed. First exception on row 0; first error: FIELD_INTEGRITY_EXCEPTION, only portal users can be associated to a contact: []                                                                                                                   
                                                                                                                      Class.CVMAEventRSVPControllerTest.setupTestData: line 67, column 1                                                                                                                                                                                                                       
CVMAEventRSVPControllerTest.testSubmitRSVP_ValidationErrors                                              Fail         System.DmlException: Insert failed. First exception on row 0; first error: FIELD_INTEGRITY_EXCEPTION, only portal users can be associated to a contact: []                                                                                                                   
                                                                                                                      Class.CVMAEventRSVPControllerTest.setupTestData: line 67, column 1                                                                                                                                                                                                                       
CVMAMembershipApplicationSimpleTest.testCheckApplicationStatus_Found                                     Fail         System.AssertException: Assertion Failed: Should find application                                                                                                                                                                                                            
                                                                                                                      Class.CVMAMembershipApplicationSimpleTest.testCheckApplicationStatus_Found: line 102, column 1                                                                                                                                                                                           
CVMAMembershipApplicationSimpleTest.testCheckApplicationStatus_NotFound                                  Pass                                                                                                                                                                                                                                                                                      14          
CVMAMembershipApplicationSimpleTest.testSubmitMembershipApplication_DuplicateEmail                       Pass                                                                                                                                                                                                                                                                                      1985        
CVMAMembershipApplicationSimpleTest.testSubmitMembershipApplication_Success                              Fail         System.AssertException: Assertion Failed: Application submission should succeed                                                                                                                                                                                              
                                                                                                                      Class.CVMAMembershipApplicationSimpleTest.testSubmitMembershipApplication_Success: line 19, column 1                                                                                                                                                                                     
CVMAMembershipApplicationSimpleTest.testSubmitMembershipApplication_ValidationFailure                    Pass                                                                                                                                                                                                                                                                                      9           
CVMASimpleGuestUserTest.testCaseObjectAccess                                                             Fail         System.AssertException: Assertion Failed: Case should be accessible for guest user                                                                                                                                                                                           
                                                                                                                      Class.CVMASimpleGuestUserTest.testCaseObjectAccess: line 88, column 1                                                                                                                                                                                                                    
CVMASimpleGuestUserTest.testCaseQuery                                                                    Pass                                                                                                                                                                                                                                                                                      555         
CVMASimpleGuestUserTest.testEventObjectAccess                                                            Fail         System.AssertException: Assertion Failed: Event should be accessible for guest user                                                                                                                                                                                          
                                                                                                                      Class.CVMASimpleGuestUserTest.testEventObjectAccess: line 67, column 1                                                                                                                                                                                                                   
CVMASimpleGuestUserTest.testEventQuery                                                                   Pass                                                                                                                                                                                                                                                                                      677         
CVMASimpleGuestUserTest.testGuestUserProfileExists                                                       Pass                                                                                                                                                                                                                                                                                      32          
CVMASimpleGuestUserTest.testPermissionSetExists                                                          Pass                                                                                                                                                                                                                                                                                      43          
CVMASimpleGuestUserTest.testRelatedObjectAccess                                                          Pass                                                                                                                                                                                                                                                                                      626         
CVMASimpleGuestUserTest.testSchedulerAppAccess                                                           Fail         System.AssertException: Assertion Failed: ServiceResource should be accessible for guest user                                                                                                                                                                                
                                                                                                                      Class.CVMASimpleGuestUserTest.testSchedulerAppAccess: line 237, column 1                                                                                                                                                                                                                 
CVMASimpleGuestUserTest.testServiceAppointmentObjectAccess                                               Fail         System.AssertException: Assertion Failed: ServiceAppointment should be accessible for guest user                                                                                                                                                                             
                                                                                                                      Class.CVMASimpleGuestUserTest.testServiceAppointmentObjectAccess: line 44, column 1                                                                                                                                                                                                      
CVMASimpleGuestUserTest.testServiceAppointmentQuery                                                      Pass                                                                                                                                                                                                                                                                                      541         
CVMAMembershipValidationTest.testEdgeCases                                                               Pass                                                                                                                                                                                                                                                                                      1279        
CVMAMembershipValidationTest.testInvalidLevelMembershipMismatch                                          Pass                                                                                                                                                                                                                                                                                      140         
CVMAMembershipValidationTest.testInvalidMembershipFormat                                                 Pass                                                                                                                                                                                                                                                                                      171         
CVMAMembershipValidationTest.testUpdateValidation                                                        Pass                                                                                                                                                                                                                                                                                      561         
CVMAMembershipValidationTest.testValidLengthCombinations                                                 Pass                                                                                                                                                                                                                                                                                      599         
CVMAMembershipValidationTest.testValidMembershipCombinations                                             Pass                                                                                                                                                                                                                                                                                      565         
MyIterableTest.testIterableForLoop                                                                       Pass                                                                                                                                                                                                                                                                                      44          
CVMAGuestUserSchedulerAccessTest.testGuestUserCaseAccess                                                 Fail         System.AssertException: Assertion Failed: Guest user should see 1 public Case: Expected: 1, Actual: 0                                                                                                                                                                        
                                                                                                                      Class.CVMAGuestUserSchedulerAccessTest.testGuestUserCaseAccess: line 204, column 1                                                                                                                                                                                                       
CVMAGuestUserSchedulerAccessTest.testGuestUserEventAccess                                                Fail         System.AssertException: Assertion Failed: Guest user should see 1 public Event: Expected: 1, Actual: 0                                                                                                                                                                       
                                                                                                                      Class.CVMAGuestUserSchedulerAccessTest.testGuestUserEventAccess: line 242, column 1                                                                                                                                                                                                      
CVMAGuestUserSchedulerAccessTest.testGuestUserProfilePermissions                                         Fail         System.AssertException: Assertion Failed: ServiceAppointment should be createable for guest user                                                                                                                                                                             
                                                                                                                      Class.CVMAGuestUserSchedulerAccessTest.testGuestUserProfilePermissions: line 325, column 1                                                                                                                                                                                               
CVMAGuestUserSchedulerAccessTest.testGuestUserServiceAppointmentAccess                                   Fail         System.AssertException: Assertion Failed: Guest user should see 1 non-canceled Service Appointment: Expected: 1, Actual: 0                                                                                                                                                   
                                                                                                                      Class.CVMAGuestUserSchedulerAccessTest.testGuestUserServiceAppointmentAccess: line 149, column 1                                                                                                                                                                                         
CVMAGuestUserSchedulerAccessTest.testSharingRulesEffectiveness                                           Pass                                                                                                                                                                                                                                                                                      648         
CVMAExperienceBuilderIntegrationTest.testCommunityConfiguration                                          Fail         System.DmlException: Insert failed. First exception on row 0; first error: REQUIRED_FIELD_MISSING, Required fields are missing: [Membership_Id__c]: [Membership_Id__c]                                                                                                       
                                                                                                                      Class.CVMAExperienceBuilderIntegrationTest.setupCommunityTestData: line 31, column 1                                                                                                                                                                                                     
CVMAExperienceBuilderIntegrationTest.testComponentDataAccess                                             Fail         System.DmlException: Insert failed. First exception on row 0; first error: REQUIRED_FIELD_MISSING, Required fields are missing: [Membership_Id__c]: [Membership_Id__c]                                                                                                       
                                                                                                                      Class.CVMAExperienceBuilderIntegrationTest.setupCommunityTestData: line 31, column 1                                                                                                                                                                                                     
CVMAExperienceBuilderIntegrationTest.testRelatedRecordAccess                                             Fail         System.DmlException: Insert failed. First exception on row 0; first error: REQUIRED_FIELD_MISSING, Required fields are missing: [Membership_Id__c]: [Membership_Id__c]                                                                                                       
                                                                                                                      Class.CVMAExperienceBuilderIntegrationTest.setupCommunityTestData: line 31, column 1                                                                                                                                                                                                     
CVMAExperienceBuilderIntegrationTest.testServiceAppointmentAvailability                                  Fail         System.DmlException: Insert failed. First exception on row 0; first error: REQUIRED_FIELD_MISSING, Required fields are missing: [Membership_Id__c]: [Membership_Id__c]                                                                                                       
                                                                                                                      Class.CVMAExperienceBuilderIntegrationTest.setupCommunityTestData: line 31, column 1                                                                                                                                                                                                     
CVMAExperienceBuilderIntegrationTest.testServiceAppointmentBookingFlow                                   Fail         System.DmlException: Insert failed. First exception on row 0; first error: REQUIRED_FIELD_MISSING, Required fields are missing: [Membership_Id__c]: [Membership_Id__c]                                                                                                       
                                                                                                                      Class.CVMAExperienceBuilderIntegrationTest.setupCommunityTestData: line 31, column 1                                                                                                                                                                                                     
CVMAFinancialControllerTest.testBulkPaymentProcessing                                                    Fail         System.DmlException: Insert failed. First exception on row 0; first error: REQUIRED_FIELD_MISSING, Required fields are missing: [Membership_Id__c]: [Membership_Id__c]                                                                                                       
                                                                                                                      Class.CVMAFinancialControllerTest.setupTestData: line 50, column 1                                                                                                                                                                                                                       
CVMAFinancialControllerTest.testGetFinancialSummary                                                      Fail         System.DmlException: Insert failed. First exception on row 0; first error: REQUIRED_FIELD_MISSING, Required fields are missing: [Membership_Id__c]: [Membership_Id__c]                                                                                                       
                                                                                                                      Class.CVMAFinancialControllerTest.setupTestData: line 50, column 1                                                                                                                                                                                                                       
CVMAFinancialControllerTest.testGetFinancialSummaryDefaultDates                                          Fail         System.DmlException: Insert failed. First exception on row 0; first error: REQUIRED_FIELD_MISSING, Required fields are missing: [Membership_Id__c]: [Membership_Id__c]                                                                                                       
                                                                                                                      Class.CVMAFinancialControllerTest.setupTestData: line 50, column 1                                                                                                                                                                                                                       
CVMAFinancialControllerTest.testGetFinancialTransactions                                                 Fail         System.DmlException: Insert failed. First exception on row 0; first error: REQUIRED_FIELD_MISSING, Required fields are missing: [Membership_Id__c]: [Membership_Id__c]                                                                                                       
                                                                                                                      Class.CVMAFinancialControllerTest.setupTestData: line 50, column 1                                                                                                                                                                                                                       
CVMAFinancialControllerTest.testGetFinancialTransactionsWithFilter                                       Fail         System.DmlException: Insert failed. First exception on row 0; first error: REQUIRED_FIELD_MISSING, Required fields are missing: [Membership_Id__c]: [Membership_Id__c]                                                                                                       
                                                                                                                      Class.CVMAFinancialControllerTest.setupTestData: line 50, column 1                                                                                                                                                                                                                       
CVMAFinancialControllerTest.testGetPaymentMethods                                                        Fail         System.DmlException: Insert failed. First exception on row 0; first error: REQUIRED_FIELD_MISSING, Required fields are missing: [Membership_Id__c]: [Membership_Id__c]                                                                                                       
                                                                                                                      Class.CVMAFinancialControllerTest.setupTestData: line 50, column 1                                                                                                                                                                                                                       
CVMAFinancialControllerTest.testGetPaymentRecords                                                        Fail         System.DmlException: Insert failed. First exception on row 0; first error: REQUIRED_FIELD_MISSING, Required fields are missing: [Membership_Id__c]: [Membership_Id__c]                                                                                                       
                                                                                                                      Class.CVMAFinancialControllerTest.setupTestData: line 50, column 1                                                                                                                                                                                                                       
CVMAFinancialControllerTest.testGetPaymentRecordsPagination                                              Fail         System.DmlException: Insert failed. First exception on row 0; first error: REQUIRED_FIELD_MISSING, Required fields are missing: [Membership_Id__c]: [Membership_Id__c]                                                                                                       
                                                                                                                      Class.CVMAFinancialControllerTest.setupTestData: line 50, column 1                                                                                                                                                                                                                       
CVMAFinancialControllerTest.testGetTransactionTypes                                                      Fail         System.DmlException: Insert failed. First exception on row 0; first error: REQUIRED_FIELD_MISSING, Required fields are missing: [Membership_Id__c]: [Membership_Id__c]                                                                                                       
                                                                                                                      Class.CVMAFinancialControllerTest.setupTestData: line 50, column 1                                                                                                                                                                                                                       
CVMAFinancialControllerTest.testInvalidOpportunityId                                                     Fail         System.DmlException: Insert failed. First exception on row 0; first error: REQUIRED_FIELD_MISSING, Required fields are missing: [Membership_Id__c]: [Membership_Id__c]                                                                                                       
                                                                                                                      Class.CVMAFinancialControllerTest.setupTestData: line 50, column 1                                                                                                                                                                                                                       
CVMAFinancialControllerTest.testLargeDatasetPerformance                                                  Fail         System.DmlException: Insert failed. First exception on row 0; first error: REQUIRED_FIELD_MISSING, Required fields are missing: [Membership_Id__c]: [Membership_Id__c]                                                                                                       
                                                                                                                      Class.CVMAFinancialControllerTest.setupTestData: line 50, column 1                                                                                                                                                                                                                       
CVMAFinancialControllerTest.testPermissionValidation                                                     Fail         System.DmlException: Insert failed. First exception on row 0; first error: REQUIRED_FIELD_MISSING, Required fields are missing: [Membership_Id__c]: [Membership_Id__c]                                                                                                       
                                                                                                                      Class.CVMAFinancialControllerTest.setupTestData: line 50, column 1                                                                                                                                                                                                                       
CVMAFinancialControllerTest.testProcessPaymentPartial                                                    Fail         System.DmlException: Insert failed. First exception on row 0; first error: REQUIRED_FIELD_MISSING, Required fields are missing: [Membership_Id__c]: [Membership_Id__c]                                                                                                       
                                                                                                                      Class.CVMAFinancialControllerTest.setupTestData: line 50, column 1                                                                                                                                                                                                                       
CVMAFinancialControllerTest.testProcessPaymentSuccess                                                    Fail         System.DmlException: Insert failed. First exception on row 0; first error: REQUIRED_FIELD_MISSING, Required fields are missing: [Membership_Id__c]: [Membership_Id__c]                                                                                                       
                                                                                                                      Class.CVMAFinancialControllerTest.setupTestData: line 50, column 1                                                                                                                                                                                                                       
CVMAFinancialControllerTest.testProcessPaymentValidation                                                 Fail         System.DmlException: Insert failed. First exception on row 0; first error: REQUIRED_FIELD_MISSING, Required fields are missing: [Membership_Id__c]: [Membership_Id__c]                                                                                                       
                                                                                                                      Class.CVMAFinancialControllerTest.setupTestData: line 50, column 1                                                                                                                                                                                                                       
CVMATestDataFactoryTest.testAccountBuilder                                                               Pass                                                                                                                                                                                                                                                                                      37          
CVMATestDataFactoryTest.testBasicTestDataSetup                                                           Fail         System.DmlException: Insert failed. First exception on row 0; first error: DUPLICATES_DETECTED, Use one of these records?: []                                                                                                                                                
                                                                                                                      Class.CVMATestDataFactory.ContactBuilder.create: line 130, column 1                                                                                                                                                                                                          
                                                                                                                      Class.CVMATestDataFactory.setupBasicTestData: line 515, column 1                                                                                                                                                                                                             
                                                                                                                      Class.CVMATestDataFactoryTest.testBasicTestDataSetup: line 192, column 1                                                                                                                                                                                                                 
CVMATestDataFactoryTest.testBulkDataCreation                                                             Pass                                                                                                                                                                                                                                                                                      9           
CVMATestDataFactoryTest.testContactBuilder                                                               Pass                                                                                                                                                                                                                                                                                      8           
CVMATestDataFactoryTest.testContactWithMembershipStatuses                                                Pass                                                                                                                                                                                                                                                                                      9           
CVMATestDataFactoryTest.testCreateAndInsertMethods                                                       Fail         System.DmlException: Insert failed. First exception on row 0; first error: FIELD_CUSTOM_VALIDATION_EXCEPTION, Failed to create Account for Contact Test2 Member2. Use one of these records?: []                                                                              
                                                                                                                      Class.CVMATestDataFactory.createAndInsertContacts: line 303, column 1                                                                                                                                                                                                        
                                                                                                                      Class.CVMATestDataFactoryTest.testCreateAndInsertMethods: line 230, column 1                                                                                                                                                                                                             
CVMATestDataFactoryTest.testDataUniqueness                                                               Pass                                                                                                                                                                                                                                                                                      9           
CVMATestDataFactoryTest.testErrorLogCreation                                                             Pass                                                                                                                                                                                                                                                                                      11          
CVMATestDataFactoryTest.testMembersWithVariousStatuses                                                   Pass                                                                                                                                                                                                                                                                                      10          
CVMATestDataFactoryTest.testUserBuilder                                                                  Pass                                                                                                                                                                                                                                                                                      30          
CVMAAnnouncementControllerTest.testArchiveAnnouncementNonOfficer                                         Fail         System.DmlException: Insert failed. First exception on row 0; first error: INVALID_OR_NULL_FOR_RESTRICTED_PICKLIST, Level: bad value for restricted picklist field: Associate Member: [Level__c]                                                                             
                                                                                                                      Class.CVMATestDataFactory.ContactBuilder.create: line 130, column 1                                                                                                                                                                                                          
                                                                                                                      Class.CVMAAnnouncementControllerTest.setupTestData: line 29, column 1                                                                                                                                                                                                                    
CVMAAnnouncementControllerTest.testArchiveAnnouncementSuccess                                            Fail         System.DmlException: Insert failed. First exception on row 0; first error: INVALID_OR_NULL_FOR_RESTRICTED_PICKLIST, Level: bad value for restricted picklist field: Associate Member: [Level__c]                                                                             
                                                                                                                      Class.CVMATestDataFactory.ContactBuilder.create: line 130, column 1                                                                                                                                                                                                          
                                                                                                                      Class.CVMAAnnouncementControllerTest.setupTestData: line 29, column 1                                                                                                                                                                                                                    
CVMAAnnouncementControllerTest.testCreateAnnouncementNonOfficer                                          Fail         System.DmlException: Insert failed. First exception on row 0; first error: INVALID_OR_NULL_FOR_RESTRICTED_PICKLIST, Level: bad value for restricted picklist field: Associate Member: [Level__c]                                                                             
                                                                                                                      Class.CVMATestDataFactory.ContactBuilder.create: line 130, column 1                                                                                                                                                                                                          
                                                                                                                      Class.CVMAAnnouncementControllerTest.setupTestData: line 29, column 1                                                                                                                                                                                                                    
CVMAAnnouncementControllerTest.testCreateAnnouncementSuccess                                             Fail         System.DmlException: Insert failed. First exception on row 0; first error: INVALID_OR_NULL_FOR_RESTRICTED_PICKLIST, Level: bad value for restricted picklist field: Associate Member: [Level__c]                                                                             
                                                                                                                      Class.CVMATestDataFactory.ContactBuilder.create: line 130, column 1                                                                                                                                                                                                          
                                                                                                                      Class.CVMAAnnouncementControllerTest.setupTestData: line 29, column 1                                                                                                                                                                                                                    
CVMAAnnouncementControllerTest.testCreateAnnouncementValidation                                          Fail         System.DmlException: Insert failed. First exception on row 0; first error: INVALID_OR_NULL_FOR_RESTRICTED_PICKLIST, Level: bad value for restricted picklist field: Associate Member: [Level__c]                                                                             
                                                                                                                      Class.CVMATestDataFactory.ContactBuilder.create: line 130, column 1                                                                                                                                                                                                          
                                                                                                                      Class.CVMAAnnouncementControllerTest.setupTestData: line 29, column 1                                                                                                                                                                                                                    
CVMAAnnouncementControllerTest.testDefaultParameterValues                                                Fail         System.DmlException: Insert failed. First exception on row 0; first error: INVALID_OR_NULL_FOR_RESTRICTED_PICKLIST, Level: bad value for restricted picklist field: Associate Member: [Level__c]                                                                             
                                                                                                                      Class.CVMATestDataFactory.ContactBuilder.create: line 130, column 1                                                                                                                                                                                                          
                                                                                                                      Class.CVMAAnnouncementControllerTest.setupTestData: line 29, column 1                                                                                                                                                                                                                    
CVMAAnnouncementControllerTest.testEmailNotificationSending                                              Fail         System.DmlException: Insert failed. First exception on row 0; first error: INVALID_OR_NULL_FOR_RESTRICTED_PICKLIST, Level: bad value for restricted picklist field: Associate Member: [Level__c]                                                                             
                                                                                                                      Class.CVMATestDataFactory.ContactBuilder.create: line 130, column 1                                                                                                                                                                                                          
                                                                                                                      Class.CVMAAnnouncementControllerTest.setupTestData: line 29, column 1                                                                                                                                                                                                                    
CVMAAnnouncementControllerTest.testEmergencyAnnouncement                                                 Fail         System.DmlException: Insert failed. First exception on row 0; first error: INVALID_OR_NULL_FOR_RESTRICTED_PICKLIST, Level: bad value for restricted picklist field: Associate Member: [Level__c]                                                                             
                                                                                                                      Class.CVMATestDataFactory.ContactBuilder.create: line 130, column 1                                                                                                                                                                                                          
                                                                                                                      Class.CVMAAnnouncementControllerTest.setupTestData: line 29, column 1                                                                                                                                                                                                                    
CVMAAnnouncementControllerTest.testGetAnnouncementsDraft                                                 Fail         System.DmlException: Insert failed. First exception on row 0; first error: INVALID_OR_NULL_FOR_RESTRICTED_PICKLIST, Level: bad value for restricted picklist field: Associate Member: [Level__c]                                                                             
                                                                                                                      Class.CVMATestDataFactory.ContactBuilder.create: line 130, column 1                                                                                                                                                                                                          
                                                                                                                      Class.CVMAAnnouncementControllerTest.setupTestData: line 29, column 1                                                                                                                                                                                                                    
CVMAAnnouncementControllerTest.testGetAnnouncementsDraftNonOfficer                                       Fail         System.DmlException: Insert failed. First exception on row 0; first error: INVALID_OR_NULL_FOR_RESTRICTED_PICKLIST, Level: bad value for restricted picklist field: Associate Member: [Level__c]                                                                             
                                                                                                                      Class.CVMATestDataFactory.ContactBuilder.create: line 130, column 1                                                                                                                                                                                                          
                                                                                                                      Class.CVMAAnnouncementControllerTest.setupTestData: line 29, column 1                                                                                                                                                                                                                    
CVMAAnnouncementControllerTest.testGetAnnouncementsPublished                                             Fail         System.DmlException: Insert failed. First exception on row 0; first error: INVALID_OR_NULL_FOR_RESTRICTED_PICKLIST, Level: bad value for restricted picklist field: Associate Member: [Level__c]                                                                             
                                                                                                                      Class.CVMATestDataFactory.ContactBuilder.create: line 130, column 1                                                                                                                                                                                                          
                                                                                                                      Class.CVMAAnnouncementControllerTest.setupTestData: line 29, column 1                                                                                                                                                                                                                    
CVMAAnnouncementControllerTest.testGetCategoryOptions                                                    Fail         System.DmlException: Insert failed. First exception on row 0; first error: INVALID_OR_NULL_FOR_RESTRICTED_PICKLIST, Level: bad value for restricted picklist field: Associate Member: [Level__c]                                                                             
                                                                                                                      Class.CVMATestDataFactory.ContactBuilder.create: line 130, column 1                                                                                                                                                                                                          
                                                                                                                      Class.CVMAAnnouncementControllerTest.setupTestData: line 29, column 1                                                                                                                                                                                                                    
CVMAAnnouncementControllerTest.testGetPriorityOptions                                                    Fail         System.DmlException: Insert failed. First exception on row 0; first error: INVALID_OR_NULL_FOR_RESTRICTED_PICKLIST, Level: bad value for restricted picklist field: Associate Member: [Level__c]                                                                             
                                                                                                                      Class.CVMATestDataFactory.ContactBuilder.create: line 130, column 1                                                                                                                                                                                                          
                                                                                                                      Class.CVMAAnnouncementControllerTest.setupTestData: line 29, column 1                                                                                                                                                                                                                    
CVMAAnnouncementControllerTest.testGetTargetAudienceOptions                                              Fail         System.DmlException: Insert failed. First exception on row 0; first error: INVALID_OR_NULL_FOR_RESTRICTED_PICKLIST, Level: bad value for restricted picklist field: Associate Member: [Level__c]                                                                             
                                                                                                                      Class.CVMATestDataFactory.ContactBuilder.create: line 130, column 1                                                                                                                                                                                                          
                                                                                                                      Class.CVMAAnnouncementControllerTest.setupTestData: line 29, column 1                                                                                                                                                                                                                    
CVMAAnnouncementControllerTest.testIncrementViewCount                                                    Fail         System.DmlException: Insert failed. First exception on row 0; first error: INVALID_OR_NULL_FOR_RESTRICTED_PICKLIST, Level: bad value for restricted picklist field: Associate Member: [Level__c]                                                                             
                                                                                                                      Class.CVMATestDataFactory.ContactBuilder.create: line 130, column 1                                                                                                                                                                                                          
                                                                                                                      Class.CVMAAnnouncementControllerTest.setupTestData: line 29, column 1                                                                                                                                                                                                                    
CVMAAnnouncementControllerTest.testPaginationAndFiltering                                                Fail         System.DmlException: Insert failed. First exception on row 0; first error: INVALID_OR_NULL_FOR_RESTRICTED_PICKLIST, Level: bad value for restricted picklist field: Associate Member: [Level__c]                                                                             
                                                                                                                      Class.CVMATestDataFactory.ContactBuilder.create: line 130, column 1                                                                                                                                                                                                          
                                                                                                                      Class.CVMAAnnouncementControllerTest.setupTestData: line 29, column 1                                                                                                                                                                                                                    
CVMAAnnouncementControllerTest.testUpdateAnnouncementNotFound                                            Fail         System.DmlException: Insert failed. First exception on row 0; first error: INVALID_OR_NULL_FOR_RESTRICTED_PICKLIST, Level: bad value for restricted picklist field: Associate Member: [Level__c]                                                                             
                                                                                                                      Class.CVMATestDataFactory.ContactBuilder.create: line 130, column 1                                                                                                                                                                                                          
                                                                                                                      Class.CVMAAnnouncementControllerTest.setupTestData: line 29, column 1                                                                                                                                                                                                                    
CVMAAnnouncementControllerTest.testUpdateAnnouncementSuccess                                             Fail         System.DmlException: Insert failed. First exception on row 0; first error: INVALID_OR_NULL_FOR_RESTRICTED_PICKLIST, Level: bad value for restricted picklist field: Associate Member: [Level__c]                                                                             
                                                                                                                      Class.CVMATestDataFactory.ContactBuilder.create: line 130, column 1                                                                                                                                                                                                          
                                                                                                                      Class.CVMAAnnouncementControllerTest.setupTestData: line 29, column 1                                                                                                                                                                                                                    


=== Test Setup Time by Test Class for Run 707bm00000WJVHL
TEST SETUP METHOD NAME                                       SETUP TIME
───────────────────────────────────────────────────────────  ──────────
CVMAOfficerDashboardControllerTest.setupTestData             2252      
CVMAMemberProfileControllerTest.setupTestData                2596      
CVMAGuestEventControllerTest.setupTestData                   6257      
CVMAMembershipApplicationControllerTest.setupTestData        4918      
CVMAAccessibilityControllerTest.makeData                     6365      
CVMAMemberDocumentationControllerTest.setupTestData          11097     
QueryControllerMVPTest.setupTestData                         3832      
CVMAMembershipAutomationControllerTest.makeData              1429      
CVMAMemberAccessControllerTest.makeData                      8017      
CVMAMemberAuthQuickTest.setupTestData                        4579      
CVMAVeteranResourceFinderControllerTest.makeData             3210      
CVMAVAServicesIntegrationControllerTest.makeData             4625      
CVMAEventControllerLDSTest.setupTestData                     2789      
CVMAEinsteinAnalyticsControllerTest.setupTestData            3202      
CVMAGuestCalendarHelperTest.makeData                         2579      
CVMAMockGovIntegrationHelperTest.setupTestData               4867      
CVMANPSPFinancialControllerTest.makeData                     10233     
CVMACEBDocumentationControllerSimpleTest.setupTestData       6900      
CVMAEpic8Phase3ControllerTest.setupTestData                  2862      
CVMAMemberAuthenticationControllerTest.setupTestData         1930      
CVMAErrorHandlerTest.setupTestData                           3475      
CVMAMemberLifecycleControllerTest.setupTestData              5372      
CVMATreasuryDashboardControllerTest.setupTestData            8648      
CVMAEventRSVPControllerTest.setupTestData                    4567      
CVMAMembershipValidationTest.setupTestData                   797       
CVMAGuestUserSchedulerAccessTest.setupTestData               3016      
CVMAExperienceBuilderIntegrationTest.setupCommunityTestData  2612      
CVMAFinancialControllerTest.setupTestData                    1049      
CVMAAnnouncementControllerTest.setupTestData                 2661      


=== Test Summary
NAME                 VALUE                 
───────────────────  ──────────────────────
Outcome              Failed                
Tests Ran            437                   
Pass Rate            54%                   
Fail Rate            46%                   
Skip Rate            0%                    
Test Run Id          707bm00000WJVHL       
Test Setup Time      115561 ms             
Test Execution Time  48930 ms              
Test Total Time      164491 ms             
Org Id               00Dbm000007w9muEAA    
Username             detonator@cvma20-7.org
